<!doctype html public "-//w3c//dtd html 4.0 transitional//en">
<html><head>
<title>Static Call Graph - [.\build\app.axf]</title></head>
<body><HR>
<H1>Static Call Graph for image .\build\app.axf</H1><HR>
<BR><P>#&#060CALLGRAPH&#062# ARM Linker, 5050106: Last Updated: Sun Jan 10 14:59:43 2016
<BR><P>
<H3>Maximum Stack Usage =         56 bytes + Unknown(Untraceable Function Pointers)</H3><H3>
Call chain for Maximum Stack Depth:</H3>
on_ready &rArr; LIS2DH12_Set_Data_Rate &rArr; LIS2DH12_Write_Reg
<P>
<H3>
Function Pointers
</H3><UL>
 <LI><a href="#[4]">ble_device_on_connect</a> from app.o(.text) referenced from juma_sdk_lib.o(descriptor)
 <LI><a href="#[5]">ble_device_on_disconnect</a> from app.o(.text) referenced from juma_sdk_lib.o(descriptor)
 <LI><a href="#[6]">ble_device_on_message</a> from app.o(.text) referenced from juma_sdk_lib.o(descriptor)
 <LI><a href="#[8]">data_storage_on_finish</a> from juma_sdk_lib.o(.text) referenced from juma_sdk_lib.o(descriptor)
 <LI><a href="#[2]">gpio_on_change</a> from juma_sdk_lib.o(.text) referenced from juma_sdk_lib.o(descriptor)
 <LI><a href="#[b]">led_off</a> from app.o(.text) referenced from app.o(.text)
 <LI><a href="#[a]">led_on</a> from app.o(.text) referenced from app.o(.text)
 <LI><a href="#[0]">on_init</a> from juma_sdk_lib.o(.text) referenced from juma_sdk_lib.o(descriptor)
 <LI><a href="#[1]">on_ready</a> from app.o(.text) referenced from juma_sdk_lib.o(descriptor)
 <LI><a href="#[c]">on_vcc_complete</a> from app.o(.text) referenced from app.o(.text)
 <LI><a href="#[d]">send_acc_data</a> from app.o(.text) referenced from app.o(.text)
 <LI><a href="#[7]">serial_on_data</a> from juma_sdk_lib.o(.text) referenced from juma_sdk_lib.o(descriptor)
 <LI><a href="#[3]">timer_on_fired</a> from juma_sdk_lib.o(.text) referenced from juma_sdk_lib.o(descriptor)
 <LI><a href="#[9]">watchDog_on_timerout</a> from juma_sdk_lib.o(.text) referenced from juma_sdk_lib.o(descriptor)
</UL>
<P>
<H3>
Global Symbols
</H3>
<P><STRONG><a name="[2a]"></a>__asm___5_app_c_led_on____REV16</STRONG> (Thumb, 4 bytes, Stack size 0 bytes, app.o(.rev16_text), UNUSED)

<P><STRONG><a name="[2b]"></a>__asm___10_LIS2DH12_c_cb3245cc____REV16</STRONG> (Thumb, 4 bytes, Stack size 0 bytes, lis2dh12.o(.rev16_text), UNUSED)

<P><STRONG><a name="[2c]"></a>__asm___5_app_c_led_on____REVSH</STRONG> (Thumb, 4 bytes, Stack size 0 bytes, app.o(.revsh_text), UNUSED)

<P><STRONG><a name="[2d]"></a>__asm___10_LIS2DH12_c_cb3245cc____REVSH</STRONG> (Thumb, 4 bytes, Stack size 0 bytes, lis2dh12.o(.revsh_text), UNUSED)

<P><STRONG><a name="[b]"></a>led_off</STRONG> (Thumb, 46 bytes, Stack size 8 bytes, app.o(.text))
<BR><BR>[Stack]<UL><LI>Max Depth = 8<LI>Call Chain = led_off
</UL>
<BR>[Calls]<UL><LI><a href="#[10]">&gt;&gt;</a>&nbsp;&nbsp;&nbsp;run_at_time
<LI><a href="#[e]">&gt;&gt;</a>&nbsp;&nbsp;&nbsp;gpio_write
<LI><a href="#[f]">&gt;&gt;</a>&nbsp;&nbsp;&nbsp;current_time
</UL>
<BR>[Called By]<UL><LI><a href="#[1]">&gt;&gt;</a>&nbsp;&nbsp;&nbsp;on_ready
</UL>
<BR>[Address Reference Count : 1]<UL><LI> app.o(.text)
</UL>
<P><STRONG><a name="[a]"></a>led_on</STRONG> (Thumb, 64 bytes, Stack size 8 bytes, app.o(.text))
<BR><BR>[Stack]<UL><LI>Max Depth = 8<LI>Call Chain = led_on
</UL>
<BR>[Calls]<UL><LI><a href="#[10]">&gt;&gt;</a>&nbsp;&nbsp;&nbsp;run_at_time
<LI><a href="#[e]">&gt;&gt;</a>&nbsp;&nbsp;&nbsp;gpio_write
<LI><a href="#[f]">&gt;&gt;</a>&nbsp;&nbsp;&nbsp;current_time
</UL>
<BR>[Address Reference Count : 1]<UL><LI> app.o(.text)
</UL>
<P><STRONG><a name="[c]"></a>on_vcc_complete</STRONG> (Thumb, 26 bytes, Stack size 0 bytes, app.o(.text))
<BR>[Address Reference Count : 1]<UL><LI> app.o(.text)
</UL>
<P><STRONG><a name="[d]"></a>send_acc_data</STRONG> (Thumb, 116 bytes, Stack size 16 bytes, app.o(.text))
<BR><BR>[Stack]<UL><LI>Max Depth = 40<LI>Call Chain = send_acc_data &rArr; LIS2DH12_Get_Chan_Data &rArr; LIS2DH12_Read_Data
</UL>
<BR>[Calls]<UL><LI><a href="#[14]">&gt;&gt;</a>&nbsp;&nbsp;&nbsp;vcc_measure
<LI><a href="#[10]">&gt;&gt;</a>&nbsp;&nbsp;&nbsp;run_at_time
<LI><a href="#[12]">&gt;&gt;</a>&nbsp;&nbsp;&nbsp;get_temperature
<LI><a href="#[f]">&gt;&gt;</a>&nbsp;&nbsp;&nbsp;current_time
<LI><a href="#[13]">&gt;&gt;</a>&nbsp;&nbsp;&nbsp;ble_device_send
<LI><a href="#[11]">&gt;&gt;</a>&nbsp;&nbsp;&nbsp;LIS2DH12_Get_Chan_Data
</UL>
<BR>[Address Reference Count : 1]<UL><LI> app.o(.text)
</UL>
<P><STRONG><a name="[1]"></a>on_ready</STRONG> (Thumb, 96 bytes, Stack size 32 bytes, app.o(.text))
<BR><BR>[Stack]<UL><LI>Max Depth = 56<LI>Call Chain = on_ready &rArr; LIS2DH12_Set_Data_Rate &rArr; LIS2DH12_Write_Reg
</UL>
<BR>[Calls]<UL><LI><a href="#[15]">&gt;&gt;</a>&nbsp;&nbsp;&nbsp;__aeabi_memcpy4
<LI><a href="#[18]">&gt;&gt;</a>&nbsp;&nbsp;&nbsp;gpio_setup
<LI><a href="#[1b]">&gt;&gt;</a>&nbsp;&nbsp;&nbsp;ble_device_start_advertising
<LI><a href="#[1a]">&gt;&gt;</a>&nbsp;&nbsp;&nbsp;ble_device_set_name
<LI><a href="#[19]">&gt;&gt;</a>&nbsp;&nbsp;&nbsp;ble_device_set_advertising_interval
<LI><a href="#[17]">&gt;&gt;</a>&nbsp;&nbsp;&nbsp;LIS2DH12_Set_Data_Rate
<LI><a href="#[16]">&gt;&gt;</a>&nbsp;&nbsp;&nbsp;LIS2DH12_Config
<LI><a href="#[b]">&gt;&gt;</a>&nbsp;&nbsp;&nbsp;led_off
</UL>
<BR>[Address Reference Count : 1]<UL><LI> juma_sdk_lib.o(descriptor)
</UL>
<P><STRONG><a name="[4]"></a>ble_device_on_connect</STRONG> (Thumb, 34 bytes, Stack size 8 bytes, app.o(.text))
<BR><BR>[Stack]<UL><LI>Max Depth = 8<LI>Call Chain = ble_device_on_connect
</UL>
<BR>[Calls]<UL><LI><a href="#[14]">&gt;&gt;</a>&nbsp;&nbsp;&nbsp;vcc_measure
<LI><a href="#[10]">&gt;&gt;</a>&nbsp;&nbsp;&nbsp;run_at_time
<LI><a href="#[f]">&gt;&gt;</a>&nbsp;&nbsp;&nbsp;current_time
</UL>
<BR>[Address Reference Count : 1]<UL><LI> juma_sdk_lib.o(descriptor)
</UL>
<P><STRONG><a name="[5]"></a>ble_device_on_disconnect</STRONG> (Thumb, 16 bytes, Stack size 8 bytes, app.o(.text))
<BR><BR>[Stack]<UL><LI>Max Depth = 8<LI>Call Chain = ble_device_on_disconnect
</UL>
<BR>[Calls]<UL><LI><a href="#[1b]">&gt;&gt;</a>&nbsp;&nbsp;&nbsp;ble_device_start_advertising
</UL>
<BR>[Address Reference Count : 1]<UL><LI> juma_sdk_lib.o(descriptor)
</UL>
<P><STRONG><a name="[6]"></a>ble_device_on_message</STRONG> (Thumb, 14 bytes, Stack size 8 bytes, app.o(.text))
<BR><BR>[Stack]<UL><LI>Max Depth = 32<LI>Call Chain = ble_device_on_message &rArr; LIS2DH12_SET_SELF_TEST_MODE &rArr; LIS2DH12_Write_Reg
</UL>
<BR>[Calls]<UL><LI><a href="#[1c]">&gt;&gt;</a>&nbsp;&nbsp;&nbsp;LIS2DH12_SET_SELF_TEST_MODE
</UL>
<BR>[Address Reference Count : 1]<UL><LI> juma_sdk_lib.o(descriptor)
</UL>
<P><STRONG><a name="[1d]"></a>LIS2DH12_Init</STRONG> (Thumb, 54 bytes, Stack size 8 bytes, lis2dh12.o(.text))
<BR><BR>[Stack]<UL><LI>Max Depth = 8<LI>Call Chain = LIS2DH12_Init
</UL>
<BR>[Calls]<UL><LI><a href="#[1e]">&gt;&gt;</a>&nbsp;&nbsp;&nbsp;spi_cs_disable
</UL>
<BR>[Called By]<UL><LI><a href="#[16]">&gt;&gt;</a>&nbsp;&nbsp;&nbsp;LIS2DH12_Config
</UL>

<P><STRONG><a name="[16]"></a>LIS2DH12_Config</STRONG> (Thumb, 20 bytes, Stack size 8 bytes, lis2dh12.o(.text))
<BR><BR>[Stack]<UL><LI>Max Depth = 16<LI>Call Chain = LIS2DH12_Config &rArr; LIS2DH12_Init
</UL>
<BR>[Calls]<UL><LI><a href="#[15]">&gt;&gt;</a>&nbsp;&nbsp;&nbsp;__aeabi_memcpy4
<LI><a href="#[1d]">&gt;&gt;</a>&nbsp;&nbsp;&nbsp;LIS2DH12_Init
</UL>
<BR>[Called By]<UL><LI><a href="#[1]">&gt;&gt;</a>&nbsp;&nbsp;&nbsp;on_ready
</UL>

<P><STRONG><a name="[1f]"></a>LIS2DH12_Read_Data</STRONG> (Thumb, 80 bytes, Stack size 16 bytes, lis2dh12.o(.text))
<BR><BR>[Stack]<UL><LI>Max Depth = 16<LI>Call Chain = LIS2DH12_Read_Data
</UL>
<BR>[Calls]<UL><LI><a href="#[21]">&gt;&gt;</a>&nbsp;&nbsp;&nbsp;LIS2DH12_RW
<LI><a href="#[22]">&gt;&gt;</a>&nbsp;&nbsp;&nbsp;LIS2DH12_Read
<LI><a href="#[1e]">&gt;&gt;</a>&nbsp;&nbsp;&nbsp;spi_cs_disable
<LI><a href="#[20]">&gt;&gt;</a>&nbsp;&nbsp;&nbsp;spi_cs_enable
</UL>
<BR>[Called By]<UL><LI><a href="#[11]">&gt;&gt;</a>&nbsp;&nbsp;&nbsp;LIS2DH12_Get_Chan_Data
</UL>

<P><STRONG><a name="[23]"></a>LIS2DH12_Read_Reg</STRONG> (Thumb, 46 bytes, Stack size 8 bytes, lis2dh12.o(.text))
<BR><BR>[Stack]<UL><LI>Max Depth = 8<LI>Call Chain = LIS2DH12_Read_Reg
</UL>
<BR>[Calls]<UL><LI><a href="#[21]">&gt;&gt;</a>&nbsp;&nbsp;&nbsp;LIS2DH12_RW
<LI><a href="#[22]">&gt;&gt;</a>&nbsp;&nbsp;&nbsp;LIS2DH12_Read
<LI><a href="#[1e]">&gt;&gt;</a>&nbsp;&nbsp;&nbsp;spi_cs_disable
<LI><a href="#[20]">&gt;&gt;</a>&nbsp;&nbsp;&nbsp;spi_cs_enable
</UL>
<BR>[Called By]<UL><LI><a href="#[29]">&gt;&gt;</a>&nbsp;&nbsp;&nbsp;LIS2DH12_Chan_Disable
<LI><a href="#[28]">&gt;&gt;</a>&nbsp;&nbsp;&nbsp;LIS2DH12_Chan_Enable
<LI><a href="#[27]">&gt;&gt;</a>&nbsp;&nbsp;&nbsp;LIS2DH12_Get_Chip_Id
<LI><a href="#[26]">&gt;&gt;</a>&nbsp;&nbsp;&nbsp;LIS2DH12_Get_Data_Rate
<LI><a href="#[25]">&gt;&gt;</a>&nbsp;&nbsp;&nbsp;LIS2DH12_Get_Operat_Mode
<LI><a href="#[17]">&gt;&gt;</a>&nbsp;&nbsp;&nbsp;LIS2DH12_Set_Data_Rate
<LI><a href="#[1c]">&gt;&gt;</a>&nbsp;&nbsp;&nbsp;LIS2DH12_SET_SELF_TEST_MODE
</UL>

<P><STRONG><a name="[24]"></a>LIS2DH12_Write_Reg</STRONG> (Thumb, 42 bytes, Stack size 16 bytes, lis2dh12.o(.text))
<BR><BR>[Stack]<UL><LI>Max Depth = 16<LI>Call Chain = LIS2DH12_Write_Reg
</UL>
<BR>[Calls]<UL><LI><a href="#[21]">&gt;&gt;</a>&nbsp;&nbsp;&nbsp;LIS2DH12_RW
<LI><a href="#[22]">&gt;&gt;</a>&nbsp;&nbsp;&nbsp;LIS2DH12_Read
<LI><a href="#[1e]">&gt;&gt;</a>&nbsp;&nbsp;&nbsp;spi_cs_disable
<LI><a href="#[20]">&gt;&gt;</a>&nbsp;&nbsp;&nbsp;spi_cs_enable
</UL>
<BR>[Called By]<UL><LI><a href="#[29]">&gt;&gt;</a>&nbsp;&nbsp;&nbsp;LIS2DH12_Chan_Disable
<LI><a href="#[28]">&gt;&gt;</a>&nbsp;&nbsp;&nbsp;LIS2DH12_Chan_Enable
<LI><a href="#[17]">&gt;&gt;</a>&nbsp;&nbsp;&nbsp;LIS2DH12_Set_Data_Rate
<LI><a href="#[1c]">&gt;&gt;</a>&nbsp;&nbsp;&nbsp;LIS2DH12_SET_SELF_TEST_MODE
</UL>

<P><STRONG><a name="[2e]"></a>LIS2DH12_Module_Enable</STRONG> (Thumb, 2 bytes, Stack size 0 bytes, lis2dh12.o(.text), UNUSED)

<P><STRONG><a name="[25]"></a>LIS2DH12_Get_Operat_Mode</STRONG> (Thumb, 16 bytes, Stack size 8 bytes, lis2dh12.o(.text), UNUSED)
<BR><BR>[Calls]<UL><LI><a href="#[23]">&gt;&gt;</a>&nbsp;&nbsp;&nbsp;LIS2DH12_Read_Reg
</UL>

<P><STRONG><a name="[2f]"></a>LIS2DH12_Set_Operat_Mode</STRONG> (Thumb, 2 bytes, Stack size 0 bytes, lis2dh12.o(.text), UNUSED)

<P><STRONG><a name="[26]"></a>LIS2DH12_Get_Data_Rate</STRONG> (Thumb, 12 bytes, Stack size 8 bytes, lis2dh12.o(.text), UNUSED)
<BR><BR>[Calls]<UL><LI><a href="#[23]">&gt;&gt;</a>&nbsp;&nbsp;&nbsp;LIS2DH12_Read_Reg
</UL>

<P><STRONG><a name="[17]"></a>LIS2DH12_Set_Data_Rate</STRONG> (Thumb, 30 bytes, Stack size 8 bytes, lis2dh12.o(.text))
<BR><BR>[Stack]<UL><LI>Max Depth = 24<LI>Call Chain = LIS2DH12_Set_Data_Rate &rArr; LIS2DH12_Write_Reg
</UL>
<BR>[Calls]<UL><LI><a href="#[24]">&gt;&gt;</a>&nbsp;&nbsp;&nbsp;LIS2DH12_Write_Reg
<LI><a href="#[23]">&gt;&gt;</a>&nbsp;&nbsp;&nbsp;LIS2DH12_Read_Reg
</UL>
<BR>[Called By]<UL><LI><a href="#[1]">&gt;&gt;</a>&nbsp;&nbsp;&nbsp;on_ready
</UL>

<P><STRONG><a name="[30]"></a>LIS2DH12_Work_Model</STRONG> (Thumb, 2 bytes, Stack size 0 bytes, lis2dh12.o(.text), UNUSED)

<P><STRONG><a name="[27]"></a>LIS2DH12_Get_Chip_Id</STRONG> (Thumb, 4 bytes, Stack size 0 bytes, lis2dh12.o(.text), UNUSED)
<BR><BR>[Calls]<UL><LI><a href="#[23]">&gt;&gt;</a>&nbsp;&nbsp;&nbsp;LIS2DH12_Read_Reg
</UL>

<P><STRONG><a name="[28]"></a>LIS2DH12_Chan_Enable</STRONG> (Thumb, 48 bytes, Stack size 8 bytes, lis2dh12.o(.text), UNUSED)
<BR><BR>[Calls]<UL><LI><a href="#[24]">&gt;&gt;</a>&nbsp;&nbsp;&nbsp;LIS2DH12_Write_Reg
<LI><a href="#[23]">&gt;&gt;</a>&nbsp;&nbsp;&nbsp;LIS2DH12_Read_Reg
</UL>

<P><STRONG><a name="[29]"></a>LIS2DH12_Chan_Disable</STRONG> (Thumb, 50 bytes, Stack size 8 bytes, lis2dh12.o(.text), UNUSED)
<BR><BR>[Calls]<UL><LI><a href="#[24]">&gt;&gt;</a>&nbsp;&nbsp;&nbsp;LIS2DH12_Write_Reg
<LI><a href="#[23]">&gt;&gt;</a>&nbsp;&nbsp;&nbsp;LIS2DH12_Read_Reg
</UL>

<P><STRONG><a name="[11]"></a>LIS2DH12_Get_Chan_Data</STRONG> (Thumb, 50 bytes, Stack size 8 bytes, lis2dh12.o(.text))
<BR><BR>[Stack]<UL><LI>Max Depth = 24<LI>Call Chain = LIS2DH12_Get_Chan_Data &rArr; LIS2DH12_Read_Data
</UL>
<BR>[Calls]<UL><LI><a href="#[1f]">&gt;&gt;</a>&nbsp;&nbsp;&nbsp;LIS2DH12_Read_Data
</UL>
<BR>[Called By]<UL><LI><a href="#[d]">&gt;&gt;</a>&nbsp;&nbsp;&nbsp;send_acc_data
</UL>

<P><STRONG><a name="[1c]"></a>LIS2DH12_SET_SELF_TEST_MODE</STRONG> (Thumb, 46 bytes, Stack size 8 bytes, lis2dh12.o(.text))
<BR><BR>[Stack]<UL><LI>Max Depth = 24<LI>Call Chain = LIS2DH12_SET_SELF_TEST_MODE &rArr; LIS2DH12_Write_Reg
</UL>
<BR>[Calls]<UL><LI><a href="#[24]">&gt;&gt;</a>&nbsp;&nbsp;&nbsp;LIS2DH12_Write_Reg
<LI><a href="#[23]">&gt;&gt;</a>&nbsp;&nbsp;&nbsp;LIS2DH12_Read_Reg
</UL>
<BR>[Called By]<UL><LI><a href="#[6]">&gt;&gt;</a>&nbsp;&nbsp;&nbsp;ble_device_on_message
</UL>

<P><STRONG><a name="[0]"></a>on_init</STRONG> (Thumb, 6 bytes, Stack size 0 bytes, juma_sdk_lib.o(.text))
<BR>[Address Reference Count : 1]<UL><LI> juma_sdk_lib.o(descriptor)
</UL>
<P><STRONG><a name="[2]"></a>gpio_on_change</STRONG> (Thumb, 2 bytes, Stack size 0 bytes, juma_sdk_lib.o(.text))
<BR>[Address Reference Count : 1]<UL><LI> juma_sdk_lib.o(descriptor)
</UL>
<P><STRONG><a name="[3]"></a>timer_on_fired</STRONG> (Thumb, 2 bytes, Stack size 0 bytes, juma_sdk_lib.o(.text))
<BR>[Address Reference Count : 1]<UL><LI> juma_sdk_lib.o(descriptor)
</UL>
<P><STRONG><a name="[7]"></a>serial_on_data</STRONG> (Thumb, 2 bytes, Stack size 0 bytes, juma_sdk_lib.o(.text))
<BR>[Address Reference Count : 1]<UL><LI> juma_sdk_lib.o(descriptor)
</UL>
<P><STRONG><a name="[8]"></a>data_storage_on_finish</STRONG> (Thumb, 2 bytes, Stack size 0 bytes, juma_sdk_lib.o(.text))
<BR>[Address Reference Count : 1]<UL><LI> juma_sdk_lib.o(descriptor)
</UL>
<P><STRONG><a name="[9]"></a>watchDog_on_timerout</STRONG> (Thumb, 2 bytes, Stack size 0 bytes, juma_sdk_lib.o(.text))
<BR>[Address Reference Count : 1]<UL><LI> juma_sdk_lib.o(descriptor)
</UL>
<P><STRONG><a name="[31]"></a>__aeabi_memcpy</STRONG> (Thumb, 36 bytes, Stack size 0 bytes, memcpya.o(.text), UNUSED)

<P><STRONG><a name="[15]"></a>__aeabi_memcpy4</STRONG> (Thumb, 0 bytes, Stack size 0 bytes, memcpya.o(.text))
<BR><BR>[Called By]<UL><LI><a href="#[16]">&gt;&gt;</a>&nbsp;&nbsp;&nbsp;LIS2DH12_Config
<LI><a href="#[1]">&gt;&gt;</a>&nbsp;&nbsp;&nbsp;on_ready
</UL>

<P><STRONG><a name="[32]"></a>__aeabi_memcpy8</STRONG> (Thumb, 0 bytes, Stack size 0 bytes, memcpya.o(.text), UNUSED)

<P><STRONG><a name="[33]"></a>adc_measure</STRONG> (Thumb, 8 bytes, Stack size 0 bytes, juma_sdk_lib.o(i.adc_measure), UNUSED)

<P><STRONG><a name="[34]"></a>ble_device_disconnect</STRONG> (Thumb, 8 bytes, Stack size 0 bytes, juma_sdk_lib.o(i.ble_device_disconnect), UNUSED)

<P><STRONG><a name="[35]"></a>ble_device_get_id</STRONG> (Thumb, 8 bytes, Stack size 0 bytes, juma_sdk_lib.o(i.ble_device_get_id), UNUSED)

<P><STRONG><a name="[36]"></a>ble_device_is_connected</STRONG> (Thumb, 8 bytes, Stack size 0 bytes, juma_sdk_lib.o(i.ble_device_is_connected), UNUSED)

<P><STRONG><a name="[37]"></a>ble_device_select_address</STRONG> (Thumb, 8 bytes, Stack size 0 bytes, juma_sdk_lib.o(i.ble_device_select_address), UNUSED)

<P><STRONG><a name="[13]"></a>ble_device_send</STRONG> (Thumb, 8 bytes, Stack size 0 bytes, juma_sdk_lib.o(i.ble_device_send))
<BR><BR>[Called By]<UL><LI><a href="#[d]">&gt;&gt;</a>&nbsp;&nbsp;&nbsp;send_acc_data
</UL>

<P><STRONG><a name="[19]"></a>ble_device_set_advertising_interval</STRONG> (Thumb, 8 bytes, Stack size 0 bytes, juma_sdk_lib.o(i.ble_device_set_advertising_interval))
<BR><BR>[Called By]<UL><LI><a href="#[1]">&gt;&gt;</a>&nbsp;&nbsp;&nbsp;on_ready
</UL>

<P><STRONG><a name="[1a]"></a>ble_device_set_name</STRONG> (Thumb, 8 bytes, Stack size 0 bytes, juma_sdk_lib.o(i.ble_device_set_name))
<BR><BR>[Called By]<UL><LI><a href="#[1]">&gt;&gt;</a>&nbsp;&nbsp;&nbsp;on_ready
</UL>

<P><STRONG><a name="[38]"></a>ble_device_set_tx_power</STRONG> (Thumb, 8 bytes, Stack size 0 bytes, juma_sdk_lib.o(i.ble_device_set_tx_power), UNUSED)

<P><STRONG><a name="[1b]"></a>ble_device_start_advertising</STRONG> (Thumb, 8 bytes, Stack size 0 bytes, juma_sdk_lib.o(i.ble_device_start_advertising))
<BR><BR>[Called By]<UL><LI><a href="#[5]">&gt;&gt;</a>&nbsp;&nbsp;&nbsp;ble_device_on_disconnect
<LI><a href="#[1]">&gt;&gt;</a>&nbsp;&nbsp;&nbsp;on_ready
</UL>

<P><STRONG><a name="[39]"></a>ble_device_stop_advertising</STRONG> (Thumb, 8 bytes, Stack size 0 bytes, juma_sdk_lib.o(i.ble_device_stop_advertising), UNUSED)

<P><STRONG><a name="[3a]"></a>ble_infrared_config</STRONG> (Thumb, 10 bytes, Stack size 0 bytes, juma_sdk_lib.o(i.ble_infrared_config), UNUSED)

<P><STRONG><a name="[3b]"></a>ble_infrared_get_statue</STRONG> (Thumb, 10 bytes, Stack size 0 bytes, juma_sdk_lib.o(i.ble_infrared_get_statue), UNUSED)

<P><STRONG><a name="[3c]"></a>ble_infrared_send</STRONG> (Thumb, 10 bytes, Stack size 0 bytes, juma_sdk_lib.o(i.ble_infrared_send), UNUSED)

<P><STRONG><a name="[f]"></a>current_time</STRONG> (Thumb, 8 bytes, Stack size 0 bytes, juma_sdk_lib.o(i.current_time))
<BR><BR>[Called By]<UL><LI><a href="#[4]">&gt;&gt;</a>&nbsp;&nbsp;&nbsp;ble_device_on_connect
<LI><a href="#[d]">&gt;&gt;</a>&nbsp;&nbsp;&nbsp;send_acc_data
<LI><a href="#[a]">&gt;&gt;</a>&nbsp;&nbsp;&nbsp;led_on
<LI><a href="#[b]">&gt;&gt;</a>&nbsp;&nbsp;&nbsp;led_off
</UL>

<P><STRONG><a name="[3d]"></a>data_storage_read</STRONG> (Thumb, 10 bytes, Stack size 0 bytes, juma_sdk_lib.o(i.data_storage_read), UNUSED)

<P><STRONG><a name="[3e]"></a>data_storage_write</STRONG> (Thumb, 10 bytes, Stack size 0 bytes, juma_sdk_lib.o(i.data_storage_write), UNUSED)

<P><STRONG><a name="[12]"></a>get_temperature</STRONG> (Thumb, 8 bytes, Stack size 0 bytes, juma_sdk_lib.o(i.get_temperature))
<BR><BR>[Called By]<UL><LI><a href="#[d]">&gt;&gt;</a>&nbsp;&nbsp;&nbsp;send_acc_data
</UL>

<P><STRONG><a name="[3f]"></a>gfx_clear</STRONG> (Thumb, 10 bytes, Stack size 0 bytes, juma_sdk_lib.o(i.gfx_clear), UNUSED)

<P><STRONG><a name="[40]"></a>gfx_draw_char</STRONG> (Thumb, 16 bytes, Stack size 8 bytes, juma_sdk_lib.o(i.gfx_draw_char), UNUSED)

<P><STRONG><a name="[41]"></a>gfx_draw_circle</STRONG> (Thumb, 16 bytes, Stack size 8 bytes, juma_sdk_lib.o(i.gfx_draw_circle), UNUSED)

<P><STRONG><a name="[42]"></a>gfx_draw_image</STRONG> (Thumb, 22 bytes, Stack size 24 bytes, juma_sdk_lib.o(i.gfx_draw_image), UNUSED)

<P><STRONG><a name="[43]"></a>gfx_draw_line</STRONG> (Thumb, 18 bytes, Stack size 16 bytes, juma_sdk_lib.o(i.gfx_draw_line), UNUSED)

<P><STRONG><a name="[44]"></a>gfx_draw_pixel</STRONG> (Thumb, 10 bytes, Stack size 0 bytes, juma_sdk_lib.o(i.gfx_draw_pixel), UNUSED)

<P><STRONG><a name="[45]"></a>gfx_draw_rect</STRONG> (Thumb, 18 bytes, Stack size 16 bytes, juma_sdk_lib.o(i.gfx_draw_rect), UNUSED)

<P><STRONG><a name="[46]"></a>gfx_draw_string</STRONG> (Thumb, 16 bytes, Stack size 8 bytes, juma_sdk_lib.o(i.gfx_draw_string), UNUSED)

<P><STRONG><a name="[47]"></a>gfx_fill_circle</STRONG> (Thumb, 16 bytes, Stack size 8 bytes, juma_sdk_lib.o(i.gfx_fill_circle), UNUSED)

<P><STRONG><a name="[48]"></a>gfx_fill_rect</STRONG> (Thumb, 18 bytes, Stack size 16 bytes, juma_sdk_lib.o(i.gfx_fill_rect), UNUSED)

<P><STRONG><a name="[49]"></a>gfx_init_screen</STRONG> (Thumb, 16 bytes, Stack size 8 bytes, juma_sdk_lib.o(i.gfx_init_screen), UNUSED)

<P><STRONG><a name="[4a]"></a>gfx_set_font</STRONG> (Thumb, 10 bytes, Stack size 0 bytes, juma_sdk_lib.o(i.gfx_set_font), UNUSED)

<P><STRONG><a name="[4b]"></a>gpio_read</STRONG> (Thumb, 8 bytes, Stack size 0 bytes, juma_sdk_lib.o(i.gpio_read), UNUSED)

<P><STRONG><a name="[18]"></a>gpio_setup</STRONG> (Thumb, 8 bytes, Stack size 0 bytes, juma_sdk_lib.o(i.gpio_setup))
<BR><BR>[Called By]<UL><LI><a href="#[1]">&gt;&gt;</a>&nbsp;&nbsp;&nbsp;on_ready
</UL>

<P><STRONG><a name="[4c]"></a>gpio_unwatch</STRONG> (Thumb, 8 bytes, Stack size 0 bytes, juma_sdk_lib.o(i.gpio_unwatch), UNUSED)

<P><STRONG><a name="[4d]"></a>gpio_watch</STRONG> (Thumb, 8 bytes, Stack size 0 bytes, juma_sdk_lib.o(i.gpio_watch), UNUSED)

<P><STRONG><a name="[e]"></a>gpio_write</STRONG> (Thumb, 8 bytes, Stack size 0 bytes, juma_sdk_lib.o(i.gpio_write))
<BR><BR>[Called By]<UL><LI><a href="#[a]">&gt;&gt;</a>&nbsp;&nbsp;&nbsp;led_on
<LI><a href="#[b]">&gt;&gt;</a>&nbsp;&nbsp;&nbsp;led_off
</UL>

<P><STRONG><a name="[4e]"></a>light_off</STRONG> (Thumb, 8 bytes, Stack size 0 bytes, juma_sdk_lib.o(i.light_off), UNUSED)

<P><STRONG><a name="[4f]"></a>light_on</STRONG> (Thumb, 8 bytes, Stack size 0 bytes, juma_sdk_lib.o(i.light_on), UNUSED)

<P><STRONG><a name="[50]"></a>light_set_color</STRONG> (Thumb, 10 bytes, Stack size 0 bytes, juma_sdk_lib.o(i.light_set_color), UNUSED)

<P><STRONG><a name="[51]"></a>light_setup</STRONG> (Thumb, 8 bytes, Stack size 0 bytes, juma_sdk_lib.o(i.light_setup), UNUSED)

<P><STRONG><a name="[52]"></a>play_sound</STRONG> (Thumb, 8 bytes, Stack size 0 bytes, juma_sdk_lib.o(i.play_sound), UNUSED)

<P><STRONG><a name="[10]"></a>run_at_time</STRONG> (Thumb, 8 bytes, Stack size 0 bytes, juma_sdk_lib.o(i.run_at_time))
<BR><BR>[Called By]<UL><LI><a href="#[4]">&gt;&gt;</a>&nbsp;&nbsp;&nbsp;ble_device_on_connect
<LI><a href="#[d]">&gt;&gt;</a>&nbsp;&nbsp;&nbsp;send_acc_data
<LI><a href="#[a]">&gt;&gt;</a>&nbsp;&nbsp;&nbsp;led_on
<LI><a href="#[b]">&gt;&gt;</a>&nbsp;&nbsp;&nbsp;led_off
</UL>

<P><STRONG><a name="[53]"></a>run_when_idle</STRONG> (Thumb, 8 bytes, Stack size 0 bytes, juma_sdk_lib.o(i.run_when_idle), UNUSED)

<P><STRONG><a name="[54]"></a>serial_send</STRONG> (Thumb, 8 bytes, Stack size 0 bytes, juma_sdk_lib.o(i.serial_send), UNUSED)

<P><STRONG><a name="[55]"></a>serial_setup</STRONG> (Thumb, 8 bytes, Stack size 0 bytes, juma_sdk_lib.o(i.serial_setup), UNUSED)

<P><STRONG><a name="[56]"></a>spi_setup</STRONG> (Thumb, 8 bytes, Stack size 0 bytes, juma_sdk_lib.o(i.spi_setup), UNUSED)

<P><STRONG><a name="[57]"></a>spi_transmit_receive</STRONG> (Thumb, 8 bytes, Stack size 0 bytes, juma_sdk_lib.o(i.spi_transmit_receive), UNUSED)

<P><STRONG><a name="[58]"></a>timer_init</STRONG> (Thumb, 8 bytes, Stack size 0 bytes, juma_sdk_lib.o(i.timer_init), UNUSED)

<P><STRONG><a name="[59]"></a>timer_start</STRONG> (Thumb, 8 bytes, Stack size 0 bytes, juma_sdk_lib.o(i.timer_start), UNUSED)

<P><STRONG><a name="[5a]"></a>timer_stop</STRONG> (Thumb, 8 bytes, Stack size 0 bytes, juma_sdk_lib.o(i.timer_stop), UNUSED)

<P><STRONG><a name="[14]"></a>vcc_measure</STRONG> (Thumb, 8 bytes, Stack size 0 bytes, juma_sdk_lib.o(i.vcc_measure))
<BR><BR>[Called By]<UL><LI><a href="#[4]">&gt;&gt;</a>&nbsp;&nbsp;&nbsp;ble_device_on_connect
<LI><a href="#[d]">&gt;&gt;</a>&nbsp;&nbsp;&nbsp;send_acc_data
</UL>

<P><STRONG><a name="[5b]"></a>watchDog_Config</STRONG> (Thumb, 10 bytes, Stack size 0 bytes, juma_sdk_lib.o(i.watchDog_Config), UNUSED)

<P><STRONG><a name="[5c]"></a>watchDog_Start</STRONG> (Thumb, 10 bytes, Stack size 0 bytes, juma_sdk_lib.o(i.watchDog_Start), UNUSED)

<P><STRONG><a name="[5d]"></a>watchDog_user_dog1_RR</STRONG> (Thumb, 10 bytes, Stack size 0 bytes, juma_sdk_lib.o(i.watchDog_user_dog1_RR), UNUSED)

<P><STRONG><a name="[5e]"></a>watchDog_user_dog2_RR</STRONG> (Thumb, 10 bytes, Stack size 0 bytes, juma_sdk_lib.o(i.watchDog_user_dog2_RR), UNUSED)

<P><STRONG><a name="[5f]"></a>watchDog_user_dog3_RR</STRONG> (Thumb, 10 bytes, Stack size 0 bytes, juma_sdk_lib.o(i.watchDog_user_dog3_RR), UNUSED)

<P><STRONG><a name="[60]"></a>watchDog_user_dog4_RR</STRONG> (Thumb, 10 bytes, Stack size 0 bytes, juma_sdk_lib.o(i.watchDog_user_dog4_RR), UNUSED)
<P>
<H3>
Local Symbols
</H3>
<P><STRONG><a name="[20]"></a>spi_cs_enable</STRONG> (Thumb, 14 bytes, Stack size 0 bytes, lis2dh12.o(.text))
<BR><BR>[Called By]<UL><LI><a href="#[24]">&gt;&gt;</a>&nbsp;&nbsp;&nbsp;LIS2DH12_Write_Reg
<LI><a href="#[23]">&gt;&gt;</a>&nbsp;&nbsp;&nbsp;LIS2DH12_Read_Reg
<LI><a href="#[1f]">&gt;&gt;</a>&nbsp;&nbsp;&nbsp;LIS2DH12_Read_Data
</UL>

<P><STRONG><a name="[1e]"></a>spi_cs_disable</STRONG> (Thumb, 14 bytes, Stack size 0 bytes, lis2dh12.o(.text))
<BR><BR>[Called By]<UL><LI><a href="#[24]">&gt;&gt;</a>&nbsp;&nbsp;&nbsp;LIS2DH12_Write_Reg
<LI><a href="#[23]">&gt;&gt;</a>&nbsp;&nbsp;&nbsp;LIS2DH12_Read_Reg
<LI><a href="#[1f]">&gt;&gt;</a>&nbsp;&nbsp;&nbsp;LIS2DH12_Read_Data
<LI><a href="#[1d]">&gt;&gt;</a>&nbsp;&nbsp;&nbsp;LIS2DH12_Init
</UL>

<P><STRONG><a name="[22]"></a>LIS2DH12_Read</STRONG> (Thumb, 20 bytes, Stack size 0 bytes, lis2dh12.o(.text))
<BR><BR>[Called By]<UL><LI><a href="#[24]">&gt;&gt;</a>&nbsp;&nbsp;&nbsp;LIS2DH12_Write_Reg
<LI><a href="#[23]">&gt;&gt;</a>&nbsp;&nbsp;&nbsp;LIS2DH12_Read_Reg
<LI><a href="#[1f]">&gt;&gt;</a>&nbsp;&nbsp;&nbsp;LIS2DH12_Read_Data
<LI><a href="#[21]">&gt;&gt;</a>&nbsp;&nbsp;&nbsp;LIS2DH12_RW
</UL>

<P><STRONG><a name="[21]"></a>LIS2DH12_RW</STRONG> (Thumb, 6 bytes, Stack size 0 bytes, lis2dh12.o(.text))
<BR><BR>[Calls]<UL><LI><a href="#[22]">&gt;&gt;</a>&nbsp;&nbsp;&nbsp;LIS2DH12_Read
</UL>
<BR>[Called By]<UL><LI><a href="#[24]">&gt;&gt;</a>&nbsp;&nbsp;&nbsp;LIS2DH12_Write_Reg
<LI><a href="#[23]">&gt;&gt;</a>&nbsp;&nbsp;&nbsp;LIS2DH12_Read_Reg
<LI><a href="#[1f]">&gt;&gt;</a>&nbsp;&nbsp;&nbsp;LIS2DH12_Read_Data
</UL>
<P>
<H3>
Undefined Global Symbols
</H3><HR></body></html>
