Component: ARM Compiler 5.05 update 1 (build 106) Tool: armlink [4d0efa]

==============================================================================

Section Cross References

    app.o(.text) refers to juma_sdk_lib.o(i.gpio_write) for gpio_write
    app.o(.text) refers to juma_sdk_lib.o(i.current_time) for current_time
    app.o(.text) refers to juma_sdk_lib.o(i.run_at_time) for run_at_time
    app.o(.text) refers to lis2dh12.o(.text) for LIS2DH12_Get_Chan_Data
    app.o(.text) refers to juma_sdk_lib.o(i.get_temperature) for get_temperature
    app.o(.text) refers to juma_sdk_lib.o(i.ble_device_send) for ble_device_send
    app.o(.text) refers to juma_sdk_lib.o(i.vcc_measure) for vcc_measure
    app.o(.text) refers to memcpya.o(.text) for __aeabi_memcpy4
    app.o(.text) refers to juma_sdk_lib.o(i.gpio_setup) for gpio_setup
    app.o(.text) refers to juma_sdk_lib.o(i.ble_device_set_advertising_interval) for ble_device_set_advertising_interval
    app.o(.text) refers to juma_sdk_lib.o(i.ble_device_set_name) for ble_device_set_name
    app.o(.text) refers to juma_sdk_lib.o(i.ble_device_start_advertising) for ble_device_start_advertising
    app.o(.text) refers to app.o(.data) for .data
    app.o(.text) refers to app.o(.constdata) for .constdata
    lis2dh12.o(.text) refers to memcpya.o(.text) for __aeabi_memcpy4
    lis2dh12.o(.text) refers to lis2dh12.o(.data) for .data
    juma_sdk_lib.o(.text) refers to juma_sdk_lib.o(.data) for .data
    juma_sdk_lib.o(descriptor) refers to juma_sdk_lib.o(.text) for on_init
    juma_sdk_lib.o(descriptor) refers to app.o(.text) for on_ready
    juma_sdk_lib.o(i.run_when_idle) refers to juma_sdk_lib.o(.data) for .data
    juma_sdk_lib.o(i.run_at_time) refers to juma_sdk_lib.o(.data) for .data
    juma_sdk_lib.o(i.current_time) refers to juma_sdk_lib.o(.data) for .data
    juma_sdk_lib.o(i.timer_init) refers to juma_sdk_lib.o(.data) for .data
    juma_sdk_lib.o(i.timer_start) refers to juma_sdk_lib.o(.data) for .data
    juma_sdk_lib.o(i.timer_stop) refers to juma_sdk_lib.o(.data) for .data
    juma_sdk_lib.o(i.gpio_setup) refers to juma_sdk_lib.o(.data) for .data
    juma_sdk_lib.o(i.gpio_write) refers to juma_sdk_lib.o(.data) for .data
    juma_sdk_lib.o(i.gpio_read) refers to juma_sdk_lib.o(.data) for .data
    juma_sdk_lib.o(i.gpio_watch) refers to juma_sdk_lib.o(.data) for .data
    juma_sdk_lib.o(i.gpio_unwatch) refers to juma_sdk_lib.o(.data) for .data
    juma_sdk_lib.o(i.adc_measure) refers to juma_sdk_lib.o(.data) for .data
    juma_sdk_lib.o(i.vcc_measure) refers to juma_sdk_lib.o(.data) for .data
    juma_sdk_lib.o(i.get_temperature) refers to juma_sdk_lib.o(.data) for .data
    juma_sdk_lib.o(i.ble_device_is_connected) refers to juma_sdk_lib.o(.data) for .data
    juma_sdk_lib.o(i.ble_device_get_id) refers to juma_sdk_lib.o(.data) for .data
    juma_sdk_lib.o(i.ble_device_select_address) refers to juma_sdk_lib.o(.data) for .data
    juma_sdk_lib.o(i.ble_device_set_name) refers to juma_sdk_lib.o(.data) for .data
    juma_sdk_lib.o(i.ble_device_set_advertising_interval) refers to juma_sdk_lib.o(.data) for .data
    juma_sdk_lib.o(i.ble_device_set_tx_power) refers to juma_sdk_lib.o(.data) for .data
    juma_sdk_lib.o(i.ble_device_start_advertising) refers to juma_sdk_lib.o(.data) for .data
    juma_sdk_lib.o(i.ble_device_stop_advertising) refers to juma_sdk_lib.o(.data) for .data
    juma_sdk_lib.o(i.ble_device_disconnect) refers to juma_sdk_lib.o(.data) for .data
    juma_sdk_lib.o(i.ble_device_send) refers to juma_sdk_lib.o(.data) for .data
    juma_sdk_lib.o(i.serial_send) refers to juma_sdk_lib.o(.data) for .data
    juma_sdk_lib.o(i.serial_setup) refers to juma_sdk_lib.o(.data) for .data
    juma_sdk_lib.o(i.spi_setup) refers to juma_sdk_lib.o(.data) for .data
    juma_sdk_lib.o(i.spi_transmit_receive) refers to juma_sdk_lib.o(.data) for .data
    juma_sdk_lib.o(i.play_sound) refers to juma_sdk_lib.o(.data) for .data
    juma_sdk_lib.o(i.light_setup) refers to juma_sdk_lib.o(.data) for .data
    juma_sdk_lib.o(i.light_on) refers to juma_sdk_lib.o(.data) for .data
    juma_sdk_lib.o(i.light_off) refers to juma_sdk_lib.o(.data) for .data
    juma_sdk_lib.o(i.light_set_color) refers to juma_sdk_lib.o(.data) for .data
    juma_sdk_lib.o(i.data_storage_write) refers to juma_sdk_lib.o(.data) for .data
    juma_sdk_lib.o(i.data_storage_read) refers to juma_sdk_lib.o(.data) for .data
    juma_sdk_lib.o(i.ble_infrared_config) refers to juma_sdk_lib.o(.data) for .data
    juma_sdk_lib.o(i.ble_infrared_send) refers to juma_sdk_lib.o(.data) for .data
    juma_sdk_lib.o(i.ble_infrared_get_statue) refers to juma_sdk_lib.o(.data) for .data
    juma_sdk_lib.o(i.gfx_init_screen) refers to juma_sdk_lib.o(.data) for .data
    juma_sdk_lib.o(i.gfx_clear) refers to juma_sdk_lib.o(.data) for .data
    juma_sdk_lib.o(i.gfx_draw_pixel) refers to juma_sdk_lib.o(.data) for .data
    juma_sdk_lib.o(i.gfx_draw_line) refers to juma_sdk_lib.o(.data) for .data
    juma_sdk_lib.o(i.gfx_draw_rect) refers to juma_sdk_lib.o(.data) for .data
    juma_sdk_lib.o(i.gfx_fill_rect) refers to juma_sdk_lib.o(.data) for .data
    juma_sdk_lib.o(i.gfx_draw_circle) refers to juma_sdk_lib.o(.data) for .data
    juma_sdk_lib.o(i.gfx_fill_circle) refers to juma_sdk_lib.o(.data) for .data
    juma_sdk_lib.o(i.gfx_set_font) refers to juma_sdk_lib.o(.data) for .data
    juma_sdk_lib.o(i.gfx_draw_char) refers to juma_sdk_lib.o(.data) for .data
    juma_sdk_lib.o(i.gfx_draw_string) refers to juma_sdk_lib.o(.data) for .data
    juma_sdk_lib.o(i.gfx_draw_image) refers to juma_sdk_lib.o(.data) for .data
    juma_sdk_lib.o(i.watchDog_Config) refers to juma_sdk_lib.o(.data) for .data
    juma_sdk_lib.o(i.watchDog_Start) refers to juma_sdk_lib.o(.data) for .data
    juma_sdk_lib.o(i.watchDog_user_dog1_RR) refers to juma_sdk_lib.o(.data) for .data
    juma_sdk_lib.o(i.watchDog_user_dog2_RR) refers to juma_sdk_lib.o(.data) for .data
    juma_sdk_lib.o(i.watchDog_user_dog3_RR) refers to juma_sdk_lib.o(.data) for .data
    juma_sdk_lib.o(i.watchDog_user_dog4_RR) refers to juma_sdk_lib.o(.data) for .data


==============================================================================

Image Symbol Table

    Local Symbols

    Symbol Name                              Value     Ov Type        Size  Object(Section)

    ../clib/microlib/string/memcpy.c         0x00000000   Number         0  memcpyb.o ABSOLUTE
    ../clib/microlib/string/memcpy.c         0x00000000   Number         0  memcpya.o ABSOLUTE
    ..\LIS2DH12.c                            0x00000000   Number         0  lis2dh12.o ABSOLUTE
    ..\Source\juma_sdk_lib.c                 0x00000000   Number         0  juma_sdk_lib.o ABSOLUTE
    ..\\LIS2DH12.c                           0x00000000   Number         0  lis2dh12.o ABSOLUTE
    ..\\app.c                                0x00000000   Number         0  app.o ABSOLUTE
    ..\app.c                                 0x00000000   Number         0  app.o ABSOLUTE
    dc.s                                     0x00000000   Number         0  dc.o ABSOLUTE
    descriptor                               0x00020100   Section       40  juma_sdk_lib.o(descriptor)
    .rev16_text                              0x00020128   Section        4  app.o(.rev16_text)
    .rev16_text                              0x0002012c   Section        4  lis2dh12.o(.rev16_text)
    .revsh_text                              0x00020130   Section        4  app.o(.revsh_text)
    .revsh_text                              0x00020134   Section        4  lis2dh12.o(.revsh_text)
    .text                                    0x00020138   Section        0  app.o(.text)
    .text                                    0x000202fc   Section        0  lis2dh12.o(.text)
    spi_cs_enable                            0x000204f5   Thumb Code    14  lis2dh12.o(.text)
    spi_cs_disable                           0x00020503   Thumb Code    14  lis2dh12.o(.text)
    LIS2DH12_Read                            0x00020511   Thumb Code    20  lis2dh12.o(.text)
    LIS2DH12_RW                              0x00020525   Thumb Code     6  lis2dh12.o(.text)
    .text                                    0x00020540   Section        0  juma_sdk_lib.o(.text)
    .text                                    0x0002055c   Section        0  memcpya.o(.text)
    i.adc_measure                            0x00020580   Section        0  juma_sdk_lib.o(i.adc_measure)
    i.ble_device_disconnect                  0x0002058c   Section        0  juma_sdk_lib.o(i.ble_device_disconnect)
    i.ble_device_get_id                      0x00020598   Section        0  juma_sdk_lib.o(i.ble_device_get_id)
    i.ble_device_is_connected                0x000205a4   Section        0  juma_sdk_lib.o(i.ble_device_is_connected)
    i.ble_device_select_address              0x000205b0   Section        0  juma_sdk_lib.o(i.ble_device_select_address)
    i.ble_device_send                        0x000205bc   Section        0  juma_sdk_lib.o(i.ble_device_send)
    i.ble_device_set_advertising_interval    0x000205c8   Section        0  juma_sdk_lib.o(i.ble_device_set_advertising_interval)
    i.ble_device_set_name                    0x000205d4   Section        0  juma_sdk_lib.o(i.ble_device_set_name)
    i.ble_device_set_tx_power                0x000205e0   Section        0  juma_sdk_lib.o(i.ble_device_set_tx_power)
    i.ble_device_start_advertising           0x000205ec   Section        0  juma_sdk_lib.o(i.ble_device_start_advertising)
    i.ble_device_stop_advertising            0x000205f8   Section        0  juma_sdk_lib.o(i.ble_device_stop_advertising)
    i.ble_infrared_config                    0x00020604   Section        0  juma_sdk_lib.o(i.ble_infrared_config)
    i.ble_infrared_get_statue                0x00020614   Section        0  juma_sdk_lib.o(i.ble_infrared_get_statue)
    i.ble_infrared_send                      0x00020624   Section        0  juma_sdk_lib.o(i.ble_infrared_send)
    i.current_time                           0x00020634   Section        0  juma_sdk_lib.o(i.current_time)
    i.data_storage_read                      0x00020640   Section        0  juma_sdk_lib.o(i.data_storage_read)
    i.data_storage_write                     0x00020650   Section        0  juma_sdk_lib.o(i.data_storage_write)
    i.get_temperature                        0x00020660   Section        0  juma_sdk_lib.o(i.get_temperature)
    i.gfx_clear                              0x0002066c   Section        0  juma_sdk_lib.o(i.gfx_clear)
    i.gfx_draw_char                          0x0002067c   Section        0  juma_sdk_lib.o(i.gfx_draw_char)
    i.gfx_draw_circle                        0x00020690   Section        0  juma_sdk_lib.o(i.gfx_draw_circle)
    i.gfx_draw_image                         0x000206a4   Section        0  juma_sdk_lib.o(i.gfx_draw_image)
    i.gfx_draw_line                          0x000206c0   Section        0  juma_sdk_lib.o(i.gfx_draw_line)
    i.gfx_draw_pixel                         0x000206d8   Section        0  juma_sdk_lib.o(i.gfx_draw_pixel)
    i.gfx_draw_rect                          0x000206e8   Section        0  juma_sdk_lib.o(i.gfx_draw_rect)
    i.gfx_draw_string                        0x00020700   Section        0  juma_sdk_lib.o(i.gfx_draw_string)
    i.gfx_fill_circle                        0x00020714   Section        0  juma_sdk_lib.o(i.gfx_fill_circle)
    i.gfx_fill_rect                          0x00020728   Section        0  juma_sdk_lib.o(i.gfx_fill_rect)
    i.gfx_init_screen                        0x00020740   Section        0  juma_sdk_lib.o(i.gfx_init_screen)
    i.gfx_set_font                           0x00020754   Section        0  juma_sdk_lib.o(i.gfx_set_font)
    i.gpio_read                              0x00020764   Section        0  juma_sdk_lib.o(i.gpio_read)
    i.gpio_setup                             0x00020770   Section        0  juma_sdk_lib.o(i.gpio_setup)
    i.gpio_unwatch                           0x0002077c   Section        0  juma_sdk_lib.o(i.gpio_unwatch)
    i.gpio_watch                             0x00020788   Section        0  juma_sdk_lib.o(i.gpio_watch)
    i.gpio_write                             0x00020794   Section        0  juma_sdk_lib.o(i.gpio_write)
    i.light_off                              0x000207a0   Section        0  juma_sdk_lib.o(i.light_off)
    i.light_on                               0x000207ac   Section        0  juma_sdk_lib.o(i.light_on)
    i.light_set_color                        0x000207b8   Section        0  juma_sdk_lib.o(i.light_set_color)
    i.light_setup                            0x000207c8   Section        0  juma_sdk_lib.o(i.light_setup)
    i.play_sound                             0x000207d4   Section        0  juma_sdk_lib.o(i.play_sound)
    i.run_at_time                            0x000207e0   Section        0  juma_sdk_lib.o(i.run_at_time)
    i.run_when_idle                          0x000207ec   Section        0  juma_sdk_lib.o(i.run_when_idle)
    i.serial_send                            0x000207f8   Section        0  juma_sdk_lib.o(i.serial_send)
    i.serial_setup                           0x00020804   Section        0  juma_sdk_lib.o(i.serial_setup)
    i.spi_setup                              0x00020810   Section        0  juma_sdk_lib.o(i.spi_setup)
    i.spi_transmit_receive                   0x0002081c   Section        0  juma_sdk_lib.o(i.spi_transmit_receive)
    i.timer_init                             0x00020828   Section        0  juma_sdk_lib.o(i.timer_init)
    i.timer_start                            0x00020834   Section        0  juma_sdk_lib.o(i.timer_start)
    i.timer_stop                             0x00020840   Section        0  juma_sdk_lib.o(i.timer_stop)
    i.vcc_measure                            0x0002084c   Section        0  juma_sdk_lib.o(i.vcc_measure)
    i.watchDog_Config                        0x00020858   Section        0  juma_sdk_lib.o(i.watchDog_Config)
    i.watchDog_Start                         0x00020868   Section        0  juma_sdk_lib.o(i.watchDog_Start)
    i.watchDog_user_dog1_RR                  0x00020878   Section        0  juma_sdk_lib.o(i.watchDog_user_dog1_RR)
    i.watchDog_user_dog2_RR                  0x00020888   Section        0  juma_sdk_lib.o(i.watchDog_user_dog2_RR)
    i.watchDog_user_dog3_RR                  0x00020898   Section        0  juma_sdk_lib.o(i.watchDog_user_dog3_RR)
    i.watchDog_user_dog4_RR                  0x000208a8   Section        0  juma_sdk_lib.o(i.watchDog_user_dog4_RR)
    .constdata                               0x000208b8   Section       28  app.o(.constdata)
    .data                                    0x20003000   Section        8  app.o(.data)
    .data                                    0x20003008   Section       28  lis2dh12.o(.data)
    LIS2DH12_Init_Struct                     0x20003008   Data          28  lis2dh12.o(.data)
    .data                                    0x20003024   Section        4  juma_sdk_lib.o(.data)

    Global Symbols

    Symbol Name                              Value     Ov Type        Size  Object(Section)

    BuildAttributes$$THM_ISAv3M$S$PE$A:L22$X:L11$S22$IEEE1$IW$USESV6$~STKCKD$USESV7$~SHL$OSPACE$EBA8$MICROLIB$REQ8$PRES8$EABIv2 0x00000000   Number         0  anon$$obj.o ABSOLUTE
    app_descriptor                           0x00020100   Data          40  juma_sdk_lib.o(descriptor)
    __asm___5_app_c_led_on____REV16          0x00020129   Thumb Code     4  app.o(.rev16_text)
    __asm___10_LIS2DH12_c_cb3245cc____REV16  0x0002012d   Thumb Code     4  lis2dh12.o(.rev16_text)
    __asm___5_app_c_led_on____REVSH          0x00020131   Thumb Code     4  app.o(.revsh_text)
    __asm___10_LIS2DH12_c_cb3245cc____REVSH  0x00020135   Thumb Code     4  lis2dh12.o(.revsh_text)
    led_off                                  0x00020139   Thumb Code    46  app.o(.text)
    led_on                                   0x00020167   Thumb Code    64  app.o(.text)
    on_vcc_complete                          0x000201a7   Thumb Code    26  app.o(.text)
    send_acc_data                            0x000201c1   Thumb Code   116  app.o(.text)
    on_ready                                 0x00020235   Thumb Code    96  app.o(.text)
    ble_device_on_connect                    0x00020295   Thumb Code    34  app.o(.text)
    ble_device_on_disconnect                 0x000202b7   Thumb Code    16  app.o(.text)
    ble_device_on_message                    0x000202c7   Thumb Code    14  app.o(.text)
    LIS2DH12_Init                            0x000202fd   Thumb Code    54  lis2dh12.o(.text)
    LIS2DH12_Config                          0x00020333   Thumb Code    20  lis2dh12.o(.text)
    LIS2DH12_Read_Data                       0x00020347   Thumb Code    80  lis2dh12.o(.text)
    LIS2DH12_Read_Reg                        0x00020397   Thumb Code    46  lis2dh12.o(.text)
    LIS2DH12_Write_Reg                       0x000203c5   Thumb Code    42  lis2dh12.o(.text)
    LIS2DH12_Module_Enable                   0x000203ef   Thumb Code     2  lis2dh12.o(.text)
    LIS2DH12_Get_Operat_Mode                 0x000203f1   Thumb Code    16  lis2dh12.o(.text)
    LIS2DH12_Set_Operat_Mode                 0x00020401   Thumb Code     2  lis2dh12.o(.text)
    LIS2DH12_Get_Data_Rate                   0x00020403   Thumb Code    12  lis2dh12.o(.text)
    LIS2DH12_Set_Data_Rate                   0x0002040f   Thumb Code    30  lis2dh12.o(.text)
    LIS2DH12_Work_Model                      0x0002042d   Thumb Code     2  lis2dh12.o(.text)
    LIS2DH12_Get_Chip_Id                     0x0002042f   Thumb Code     4  lis2dh12.o(.text)
    LIS2DH12_Chan_Enable                     0x00020433   Thumb Code    48  lis2dh12.o(.text)
    LIS2DH12_Chan_Disable                    0x00020463   Thumb Code    50  lis2dh12.o(.text)
    LIS2DH12_Get_Chan_Data                   0x00020495   Thumb Code    50  lis2dh12.o(.text)
    LIS2DH12_SET_SELF_TEST_MODE              0x000204c7   Thumb Code    46  lis2dh12.o(.text)
    on_init                                  0x00020541   Thumb Code     6  juma_sdk_lib.o(.text)
    gpio_on_change                           0x00020549   Thumb Code     2  juma_sdk_lib.o(.text)
    timer_on_fired                           0x0002054b   Thumb Code     2  juma_sdk_lib.o(.text)
    serial_on_data                           0x00020553   Thumb Code     2  juma_sdk_lib.o(.text)
    data_storage_on_finish                   0x00020555   Thumb Code     2  juma_sdk_lib.o(.text)
    watchDog_on_timerout                     0x00020557   Thumb Code     2  juma_sdk_lib.o(.text)
    __aeabi_memcpy                           0x0002055d   Thumb Code    36  memcpya.o(.text)
    __aeabi_memcpy4                          0x0002055d   Thumb Code     0  memcpya.o(.text)
    __aeabi_memcpy8                          0x0002055d   Thumb Code     0  memcpya.o(.text)
    adc_measure                              0x00020581   Thumb Code     8  juma_sdk_lib.o(i.adc_measure)
    ble_device_disconnect                    0x0002058d   Thumb Code     8  juma_sdk_lib.o(i.ble_device_disconnect)
    ble_device_get_id                        0x00020599   Thumb Code     8  juma_sdk_lib.o(i.ble_device_get_id)
    ble_device_is_connected                  0x000205a5   Thumb Code     8  juma_sdk_lib.o(i.ble_device_is_connected)
    ble_device_select_address                0x000205b1   Thumb Code     8  juma_sdk_lib.o(i.ble_device_select_address)
    ble_device_send                          0x000205bd   Thumb Code     8  juma_sdk_lib.o(i.ble_device_send)
    ble_device_set_advertising_interval      0x000205c9   Thumb Code     8  juma_sdk_lib.o(i.ble_device_set_advertising_interval)
    ble_device_set_name                      0x000205d5   Thumb Code     8  juma_sdk_lib.o(i.ble_device_set_name)
    ble_device_set_tx_power                  0x000205e1   Thumb Code     8  juma_sdk_lib.o(i.ble_device_set_tx_power)
    ble_device_start_advertising             0x000205ed   Thumb Code     8  juma_sdk_lib.o(i.ble_device_start_advertising)
    ble_device_stop_advertising              0x000205f9   Thumb Code     8  juma_sdk_lib.o(i.ble_device_stop_advertising)
    ble_infrared_config                      0x00020605   Thumb Code    10  juma_sdk_lib.o(i.ble_infrared_config)
    ble_infrared_get_statue                  0x00020615   Thumb Code    10  juma_sdk_lib.o(i.ble_infrared_get_statue)
    ble_infrared_send                        0x00020625   Thumb Code    10  juma_sdk_lib.o(i.ble_infrared_send)
    current_time                             0x00020635   Thumb Code     8  juma_sdk_lib.o(i.current_time)
    data_storage_read                        0x00020641   Thumb Code    10  juma_sdk_lib.o(i.data_storage_read)
    data_storage_write                       0x00020651   Thumb Code    10  juma_sdk_lib.o(i.data_storage_write)
    get_temperature                          0x00020661   Thumb Code     8  juma_sdk_lib.o(i.get_temperature)
    gfx_clear                                0x0002066d   Thumb Code    10  juma_sdk_lib.o(i.gfx_clear)
    gfx_draw_char                            0x0002067d   Thumb Code    16  juma_sdk_lib.o(i.gfx_draw_char)
    gfx_draw_circle                          0x00020691   Thumb Code    16  juma_sdk_lib.o(i.gfx_draw_circle)
    gfx_draw_image                           0x000206a5   Thumb Code    22  juma_sdk_lib.o(i.gfx_draw_image)
    gfx_draw_line                            0x000206c1   Thumb Code    18  juma_sdk_lib.o(i.gfx_draw_line)
    gfx_draw_pixel                           0x000206d9   Thumb Code    10  juma_sdk_lib.o(i.gfx_draw_pixel)
    gfx_draw_rect                            0x000206e9   Thumb Code    18  juma_sdk_lib.o(i.gfx_draw_rect)
    gfx_draw_string                          0x00020701   Thumb Code    16  juma_sdk_lib.o(i.gfx_draw_string)
    gfx_fill_circle                          0x00020715   Thumb Code    16  juma_sdk_lib.o(i.gfx_fill_circle)
    gfx_fill_rect                            0x00020729   Thumb Code    18  juma_sdk_lib.o(i.gfx_fill_rect)
    gfx_init_screen                          0x00020741   Thumb Code    16  juma_sdk_lib.o(i.gfx_init_screen)
    gfx_set_font                             0x00020755   Thumb Code    10  juma_sdk_lib.o(i.gfx_set_font)
    gpio_read                                0x00020765   Thumb Code     8  juma_sdk_lib.o(i.gpio_read)
    gpio_setup                               0x00020771   Thumb Code     8  juma_sdk_lib.o(i.gpio_setup)
    gpio_unwatch                             0x0002077d   Thumb Code     8  juma_sdk_lib.o(i.gpio_unwatch)
    gpio_watch                               0x00020789   Thumb Code     8  juma_sdk_lib.o(i.gpio_watch)
    gpio_write                               0x00020795   Thumb Code     8  juma_sdk_lib.o(i.gpio_write)
    light_off                                0x000207a1   Thumb Code     8  juma_sdk_lib.o(i.light_off)
    light_on                                 0x000207ad   Thumb Code     8  juma_sdk_lib.o(i.light_on)
    light_set_color                          0x000207b9   Thumb Code    10  juma_sdk_lib.o(i.light_set_color)
    light_setup                              0x000207c9   Thumb Code     8  juma_sdk_lib.o(i.light_setup)
    play_sound                               0x000207d5   Thumb Code     8  juma_sdk_lib.o(i.play_sound)
    run_at_time                              0x000207e1   Thumb Code     8  juma_sdk_lib.o(i.run_at_time)
    run_when_idle                            0x000207ed   Thumb Code     8  juma_sdk_lib.o(i.run_when_idle)
    serial_send                              0x000207f9   Thumb Code     8  juma_sdk_lib.o(i.serial_send)
    serial_setup                             0x00020805   Thumb Code     8  juma_sdk_lib.o(i.serial_setup)
    spi_setup                                0x00020811   Thumb Code     8  juma_sdk_lib.o(i.spi_setup)
    spi_transmit_receive                     0x0002081d   Thumb Code     8  juma_sdk_lib.o(i.spi_transmit_receive)
    timer_init                               0x00020829   Thumb Code     8  juma_sdk_lib.o(i.timer_init)
    timer_start                              0x00020835   Thumb Code     8  juma_sdk_lib.o(i.timer_start)
    timer_stop                               0x00020841   Thumb Code     8  juma_sdk_lib.o(i.timer_stop)
    vcc_measure                              0x0002084d   Thumb Code     8  juma_sdk_lib.o(i.vcc_measure)
    watchDog_Config                          0x00020859   Thumb Code    10  juma_sdk_lib.o(i.watchDog_Config)
    watchDog_Start                           0x00020869   Thumb Code    10  juma_sdk_lib.o(i.watchDog_Start)
    watchDog_user_dog1_RR                    0x00020879   Thumb Code    10  juma_sdk_lib.o(i.watchDog_user_dog1_RR)
    watchDog_user_dog2_RR                    0x00020889   Thumb Code    10  juma_sdk_lib.o(i.watchDog_user_dog2_RR)
    watchDog_user_dog3_RR                    0x00020899   Thumb Code    10  juma_sdk_lib.o(i.watchDog_user_dog3_RR)
    watchDog_user_dog4_RR                    0x000208a9   Thumb Code    10  juma_sdk_lib.o(i.watchDog_user_dog4_RR)
    g_mode                                   0x20003000   Data           1  app.o(.data)
    light_en                                 0x20003001   Data           1  app.o(.data)
    acc_en                                   0x20003002   Data           1  app.o(.data)
    g_vcc_value                              0x20003003   Data           1  app.o(.data)
    vcc_en                                   0x20003004   Data           4  app.o(.data)
    sys                                      0x20003024   Data           4  juma_sdk_lib.o(.data)



==============================================================================

Memory Map of the image

  Image entry point : Not specified.

  Load Region LR_IROM1 (Base: 0x00020100, Size: 0x000007fc, Max: 0x00008000, ABSOLUTE)

    Execution Region ER_IROM1 (Base: 0x00020100, Size: 0x000007d4, Max: 0x00008000, ABSOLUTE)

    Base Addr    Size         Type   Attr      Idx    E Section Name        Object

    0x00020100   0x00000028   Data   RO          103    descriptor          juma_sdk.lib(juma_sdk_lib.o)
    0x00020128   0x00000004   Code   RO            1    .rev16_text         app.o
    0x0002012c   0x00000004   Code   RO           69    .rev16_text         lis2dh12.o
    0x00020130   0x00000004   Code   RO            2    .revsh_text         app.o
    0x00020134   0x00000004   Code   RO           70    .revsh_text         lis2dh12.o
    0x00020138   0x000001c4   Code   RO            3    .text               app.o
    0x000202fc   0x00000244   Code   RO           71    .text               lis2dh12.o
    0x00020540   0x0000001c   Code   RO          101    .text               juma_sdk.lib(juma_sdk_lib.o)
    0x0002055c   0x00000024   Code   RO          480    .text               mc_p.l(memcpya.o)
    0x00020580   0x0000000c   Code   RO          180    i.adc_measure       juma_sdk.lib(juma_sdk_lib.o)
    0x0002058c   0x0000000c   Code   RO          246    i.ble_device_disconnect  juma_sdk.lib(juma_sdk_lib.o)
    0x00020598   0x0000000c   Code   RO          204    i.ble_device_get_id  juma_sdk.lib(juma_sdk_lib.o)
    0x000205a4   0x0000000c   Code   RO          198    i.ble_device_is_connected  juma_sdk.lib(juma_sdk_lib.o)
    0x000205b0   0x0000000c   Code   RO          210    i.ble_device_select_address  juma_sdk.lib(juma_sdk_lib.o)
    0x000205bc   0x0000000c   Code   RO          252    i.ble_device_send   juma_sdk.lib(juma_sdk_lib.o)
    0x000205c8   0x0000000c   Code   RO          222    i.ble_device_set_advertising_interval  juma_sdk.lib(juma_sdk_lib.o)
    0x000205d4   0x0000000c   Code   RO          216    i.ble_device_set_name  juma_sdk.lib(juma_sdk_lib.o)
    0x000205e0   0x0000000c   Code   RO          228    i.ble_device_set_tx_power  juma_sdk.lib(juma_sdk_lib.o)
    0x000205ec   0x0000000c   Code   RO          234    i.ble_device_start_advertising  juma_sdk.lib(juma_sdk_lib.o)
    0x000205f8   0x0000000c   Code   RO          240    i.ble_device_stop_advertising  juma_sdk.lib(juma_sdk_lib.o)
    0x00020604   0x00000010   Code   RO          324    i.ble_infrared_config  juma_sdk.lib(juma_sdk_lib.o)
    0x00020614   0x00000010   Code   RO          336    i.ble_infrared_get_statue  juma_sdk.lib(juma_sdk_lib.o)
    0x00020624   0x00000010   Code   RO          330    i.ble_infrared_send  juma_sdk.lib(juma_sdk_lib.o)
    0x00020634   0x0000000c   Code   RO          126    i.current_time      juma_sdk.lib(juma_sdk_lib.o)
    0x00020640   0x00000010   Code   RO          318    i.data_storage_read  juma_sdk.lib(juma_sdk_lib.o)
    0x00020650   0x00000010   Code   RO          312    i.data_storage_write  juma_sdk.lib(juma_sdk_lib.o)
    0x00020660   0x0000000c   Code   RO          192    i.get_temperature   juma_sdk.lib(juma_sdk_lib.o)
    0x0002066c   0x00000010   Code   RO          348    i.gfx_clear         juma_sdk.lib(juma_sdk_lib.o)
    0x0002067c   0x00000014   Code   RO          396    i.gfx_draw_char     juma_sdk.lib(juma_sdk_lib.o)
    0x00020690   0x00000014   Code   RO          378    i.gfx_draw_circle   juma_sdk.lib(juma_sdk_lib.o)
    0x000206a4   0x0000001c   Code   RO          408    i.gfx_draw_image    juma_sdk.lib(juma_sdk_lib.o)
    0x000206c0   0x00000018   Code   RO          360    i.gfx_draw_line     juma_sdk.lib(juma_sdk_lib.o)
    0x000206d8   0x00000010   Code   RO          354    i.gfx_draw_pixel    juma_sdk.lib(juma_sdk_lib.o)
    0x000206e8   0x00000018   Code   RO          366    i.gfx_draw_rect     juma_sdk.lib(juma_sdk_lib.o)
    0x00020700   0x00000014   Code   RO          402    i.gfx_draw_string   juma_sdk.lib(juma_sdk_lib.o)
    0x00020714   0x00000014   Code   RO          384    i.gfx_fill_circle   juma_sdk.lib(juma_sdk_lib.o)
    0x00020728   0x00000018   Code   RO          372    i.gfx_fill_rect     juma_sdk.lib(juma_sdk_lib.o)
    0x00020740   0x00000014   Code   RO          342    i.gfx_init_screen   juma_sdk.lib(juma_sdk_lib.o)
    0x00020754   0x00000010   Code   RO          390    i.gfx_set_font      juma_sdk.lib(juma_sdk_lib.o)
    0x00020764   0x0000000c   Code   RO          162    i.gpio_read         juma_sdk.lib(juma_sdk_lib.o)
    0x00020770   0x0000000c   Code   RO          150    i.gpio_setup        juma_sdk.lib(juma_sdk_lib.o)
    0x0002077c   0x0000000c   Code   RO          174    i.gpio_unwatch      juma_sdk.lib(juma_sdk_lib.o)
    0x00020788   0x0000000c   Code   RO          168    i.gpio_watch        juma_sdk.lib(juma_sdk_lib.o)
    0x00020794   0x0000000c   Code   RO          156    i.gpio_write        juma_sdk.lib(juma_sdk_lib.o)
    0x000207a0   0x0000000c   Code   RO          300    i.light_off         juma_sdk.lib(juma_sdk_lib.o)
    0x000207ac   0x0000000c   Code   RO          294    i.light_on          juma_sdk.lib(juma_sdk_lib.o)
    0x000207b8   0x00000010   Code   RO          306    i.light_set_color   juma_sdk.lib(juma_sdk_lib.o)
    0x000207c8   0x0000000c   Code   RO          288    i.light_setup       juma_sdk.lib(juma_sdk_lib.o)
    0x000207d4   0x0000000c   Code   RO          282    i.play_sound        juma_sdk.lib(juma_sdk_lib.o)
    0x000207e0   0x0000000c   Code   RO          120    i.run_at_time       juma_sdk.lib(juma_sdk_lib.o)
    0x000207ec   0x0000000c   Code   RO          114    i.run_when_idle     juma_sdk.lib(juma_sdk_lib.o)
    0x000207f8   0x0000000c   Code   RO          258    i.serial_send       juma_sdk.lib(juma_sdk_lib.o)
    0x00020804   0x0000000c   Code   RO          264    i.serial_setup      juma_sdk.lib(juma_sdk_lib.o)
    0x00020810   0x0000000c   Code   RO          270    i.spi_setup         juma_sdk.lib(juma_sdk_lib.o)
    0x0002081c   0x0000000c   Code   RO          276    i.spi_transmit_receive  juma_sdk.lib(juma_sdk_lib.o)
    0x00020828   0x0000000c   Code   RO          132    i.timer_init        juma_sdk.lib(juma_sdk_lib.o)
    0x00020834   0x0000000c   Code   RO          138    i.timer_start       juma_sdk.lib(juma_sdk_lib.o)
    0x00020840   0x0000000c   Code   RO          144    i.timer_stop        juma_sdk.lib(juma_sdk_lib.o)
    0x0002084c   0x0000000c   Code   RO          186    i.vcc_measure       juma_sdk.lib(juma_sdk_lib.o)
    0x00020858   0x00000010   Code   RO          414    i.watchDog_Config   juma_sdk.lib(juma_sdk_lib.o)
    0x00020868   0x00000010   Code   RO          420    i.watchDog_Start    juma_sdk.lib(juma_sdk_lib.o)
    0x00020878   0x00000010   Code   RO          426    i.watchDog_user_dog1_RR  juma_sdk.lib(juma_sdk_lib.o)
    0x00020888   0x00000010   Code   RO          432    i.watchDog_user_dog2_RR  juma_sdk.lib(juma_sdk_lib.o)
    0x00020898   0x00000010   Code   RO          438    i.watchDog_user_dog3_RR  juma_sdk.lib(juma_sdk_lib.o)
    0x000208a8   0x00000010   Code   RO          444    i.watchDog_user_dog4_RR  juma_sdk.lib(juma_sdk_lib.o)
    0x000208b8   0x0000001c   Data   RO            4    .constdata          app.o


    Execution Region RW_IRAM1 (Base: 0x20003000, Size: 0x00000028, Max: 0x00001000, ABSOLUTE)

    Base Addr    Size         Type   Attr      Idx    E Section Name        Object

    0x20003000   0x00000008   Data   RW            5    .data               app.o
    0x20003008   0x0000001c   Data   RW           72    .data               lis2dh12.o
    0x20003024   0x00000004   Data   RW          102    .data               juma_sdk.lib(juma_sdk_lib.o)


==============================================================================

Image component sizes


      Code (inc. data)   RO Data    RW Data    ZI Data      Debug   Object Name

       460         40         28          8          0      13277   app.o
       588         22          0         28          0       8960   lis2dh12.o

    ----------------------------------------------------------------------
      1048         62         28         36          0      22237   Object Totals
         0          0          0          0          0          0   (incl. Generated)
         0          0          0          0          0          0   (incl. Padding)

    ----------------------------------------------------------------------

      Code (inc. data)   RO Data    RW Data    ZI Data      Debug   Library Member Name

       852        266         40          4          0      42695   juma_sdk_lib.o
        36          0          0          0          0         60   memcpya.o

    ----------------------------------------------------------------------
       888        266         40          4          0      42755   Library Totals
         0          0          0          0          0          0   (incl. Padding)

    ----------------------------------------------------------------------

      Code (inc. data)   RO Data    RW Data    ZI Data      Debug   Library Name

       852        266         40          4          0      42695   juma_sdk.lib
        36          0          0          0          0         60   mc_p.l

    ----------------------------------------------------------------------
       888        266         40          4          0      42755   Library Totals

    ----------------------------------------------------------------------

==============================================================================


      Code (inc. data)   RO Data    RW Data    ZI Data      Debug   

      1936        328         68         40          0      62240   Grand Totals
      1936        328         68         40          0      62240   ELF Image Totals
      1936        328         68         40          0          0   ROM Totals

==============================================================================

    Total RO  Size (Code + RO Data)                 2004 (   1.96kB)
    Total RW  Size (RW Data + ZI Data)                40 (   0.04kB)
    Total ROM Size (Code + RO Data + RW Data)       2044 (   2.00kB)

==============================================================================

