<html>
<body>
<pre>
<h1>µVision Build Log</h1>
<h2>Tool Versions:</h2>
IDE-Version: ¦ÌVision V5.14.0.0
Copyright (C) 2015 ARM Ltd and ARM Germany GmbH. All rights reserved.
License Information: juma nigel, juma, LIC=QF82Z-J29ZW-12WLE-5ZDWP-S04Q4-CNNSC
 
Tool Versions:
Toolchain:       MDK-ARM Standard  Version: 5.14.0.0
Toolchain Path:  C:\nigel\software\keil_mdk514\ARM\ARMCC\Bin
C Compiler:      Armcc.exe V5.05 update 1 (build 106)
Assembler:       Armasm.exe V5.05 update 1 (build 106)
Linker/Locator:  ArmLink.exe V5.05 update 1 (build 106)
Library Manager: ArmAr.exe V5.05 update 1 (build 106)
Hex Converter:   FromElf.exe V5.05 update 1 (build 106)
CPU DLL:         SARMCM3.DLL V5.14.0.0
Dialog DLL:      DARMCM1.DLL V1.12.0.0
Target DLL:      Segger\JL2CM3.dll V2.99.13.0
Dialog DLL:      TARMCM1.DLL V1.9.0.0
 
<h2>Project:</h2>
E:\SDK\JUMA SDK 20151203\JUMA SDK\Embedded\Nordic\examples\acc\arm\app.uvprojx
Project File Date:  12/07/2015

<h2>Output:</h2>
Rebuild target 'Release'
compiling app.c...
..\app.c(75): warning:  #223-D: function "LIS2DH12_Get_Chan_Data" declared implicitly
      acc_value = LIS2DH12_Get_Chan_Data(LIS2DH12_ACC_CHAN_X);
..\app.c(70): warning:  #177-D: variable "buff" was declared but never referenced
      char buff[20];
..\app.c(125): warning:  #223-D: function "LIS2DH12_Set_Data_Rate" declared implicitly
    LIS2DH12_Set_Data_Rate(LIS2DH12_DATA_RAT_10HZ);  
..\app.c(161): warning:  #223-D: function "LIS2DH12_SET_SELF_TEST_MODE" declared implicitly
    LIS2DH12_SET_SELF_TEST_MODE(mode);
..\app.c: 4 warnings, 0 errors
compiling LIS2DH12.c...
..\LIS2DH12.c(92): warning:  #177-D: variable "RX" was declared but never referenced
    uint8_t RX;
..\LIS2DH12.c(154): warning:  #940-D: missing return statement at end of non-void function "LIS2DH12_Module_Enable"
  }
..\LIS2DH12.c(179): warning:  #940-D: missing return statement at end of non-void function "LIS2DH12_Get_Operat_Mode"
  }
..\LIS2DH12.c(184): warning:  #940-D: missing return statement at end of non-void function "LIS2DH12_Set_Operat_Mode"
  }
..\LIS2DH12.c(214): warning:  #940-D: missing return statement at end of non-void function "LIS2DH12_Work_Model"
  }
..\LIS2DH12.c: 5 warnings, 0 errors
linking...
Program Size: Code=1880 RO-data=68 RW-data=36 ZI-data=0  
FromELF: creating hex file...
After Build - User command #1: fromelf --bin -o build\app.bin build\app.axf
".\build\app.axf" - 0 Error(s), 9 Warning(s).

<h2>Software Packages used:</h2>

Package Vendor: ARM
                http://www.keil.com/pack/ARM.CMSIS.4.2.0.pack
                ARM::CMSIS:CORE:3.40.0
                CMSIS (Cortex Microcontroller Software Interface Standard)
   * Component: CORE Version: 3.40.0

Package Vendor: NordicSemiconductor
                http://developer.nordicsemi.com/nRF51_SDK/pieces/nRF_Drivers/NordicSemiconductor.nRF_Drivers.3.0.0.pack
                NordicSemiconductor::nRF_Drivers:nrf_gpio:3.0.0
                Drivers for Nordic Semiconductor nRF family.
   * Component: nrf_gpio Version: 3.0.0

<h2>Collection of Component include folders:</h2>
  E:\SDK\JUMA SDK 20151203\JUMA SDK\Embedded\Nordic\examples\acc\arm\RTE
  C:\nigel\software\keil_mdk514\ARM\PACK\ARM\CMSIS\4.2.0\CMSIS\Include
  C:\nigel\software\keil_mdk514\ARM\PACK\NordicSemiconductor\nRF_DeviceFamilyPack\7.2.1\Device\Include
  C:\nigel\software\keil_mdk514\ARM\PACK\NordicSemiconductor\nRF_Drivers\3.0.0\hal

<h2>Collection of Component Files used:</h2>

   * Component: ARM::CMSIS:CORE:3.40.0
      Source file:   CMSIS\UserCodeTemplates\ARM\ITM_Retarget.c

   * Component: NordicSemiconductor::nRF_Drivers:nrf_gpio:3.0.0
      Include file:  hal\nrf_gpio.h
</pre>
</body>
</html>
