Component: ARM Compiler 5.05 update 1 (build 106) Tool: armlink [4d0efa]

==============================================================================

Section Cross References

    app.o(.text) refers to juma_sdk_lib.o(i.gpio_setup) for gpio_setup
    app.o(.text) refers to juma_sdk_lib.o(i.gpio_write) for gpio_write
    app.o(.text) refers to juma_sdk_lib.o(i.current_time) for current_time
    app.o(.text) refers to juma_sdk_lib.o(i.run_at_time) for run_at_time
    app.o(.text) refers to lis2dh12.o(.text) for LIS2DH12_Get_Chan_Data
    app.o(.text) refers to juma_sdk_lib.o(i.ble_device_send) for ble_device_send
    app.o(.text) refers to memcpya.o(.text) for __aeabi_memcpy4
    app.o(.text) refers to juma_sdk_lib.o(i.ble_device_set_advertising_interval) for ble_device_set_advertising_interval
    app.o(.text) refers to juma_sdk_lib.o(i.ble_device_set_name) for ble_device_set_name
    app.o(.text) refers to juma_sdk_lib.o(i.ble_device_start_advertising) for ble_device_start_advertising
    app.o(.text) refers to app.o(.data) for .data
    app.o(.text) refers to app.o(.constdata) for .constdata
    lis2dh12.o(.text) refers to memcpya.o(.text) for __aeabi_memcpy4
    lis2dh12.o(.text) refers to lis2dh12.o(.data) for .data
    juma_sdk_lib.o(.text) refers to juma_sdk_lib.o(.data) for .data
    juma_sdk_lib.o(descriptor) refers to juma_sdk_lib.o(.text) for on_init
    juma_sdk_lib.o(descriptor) refers to app.o(.text) for on_ready
    juma_sdk_lib.o(i.run_when_idle) refers to juma_sdk_lib.o(.data) for .data
    juma_sdk_lib.o(i.run_at_time) refers to juma_sdk_lib.o(.data) for .data
    juma_sdk_lib.o(i.current_time) refers to juma_sdk_lib.o(.data) for .data
    juma_sdk_lib.o(i.timer_init) refers to juma_sdk_lib.o(.data) for .data
    juma_sdk_lib.o(i.timer_start) refers to juma_sdk_lib.o(.data) for .data
    juma_sdk_lib.o(i.timer_stop) refers to juma_sdk_lib.o(.data) for .data
    juma_sdk_lib.o(i.gpio_setup) refers to juma_sdk_lib.o(.data) for .data
    juma_sdk_lib.o(i.gpio_write) refers to juma_sdk_lib.o(.data) for .data
    juma_sdk_lib.o(i.gpio_read) refers to juma_sdk_lib.o(.data) for .data
    juma_sdk_lib.o(i.gpio_watch) refers to juma_sdk_lib.o(.data) for .data
    juma_sdk_lib.o(i.gpio_unwatch) refers to juma_sdk_lib.o(.data) for .data
    juma_sdk_lib.o(i.adc_measure) refers to juma_sdk_lib.o(.data) for .data
    juma_sdk_lib.o(i.vcc_measure) refers to juma_sdk_lib.o(.data) for .data
    juma_sdk_lib.o(i.get_temperature) refers to juma_sdk_lib.o(.data) for .data
    juma_sdk_lib.o(i.ble_device_is_connected) refers to juma_sdk_lib.o(.data) for .data
    juma_sdk_lib.o(i.ble_device_get_id) refers to juma_sdk_lib.o(.data) for .data
    juma_sdk_lib.o(i.ble_device_select_address) refers to juma_sdk_lib.o(.data) for .data
    juma_sdk_lib.o(i.ble_device_set_name) refers to juma_sdk_lib.o(.data) for .data
    juma_sdk_lib.o(i.ble_device_set_advertising_interval) refers to juma_sdk_lib.o(.data) for .data
    juma_sdk_lib.o(i.ble_device_set_tx_power) refers to juma_sdk_lib.o(.data) for .data
    juma_sdk_lib.o(i.ble_device_start_advertising) refers to juma_sdk_lib.o(.data) for .data
    juma_sdk_lib.o(i.ble_device_stop_advertising) refers to juma_sdk_lib.o(.data) for .data
    juma_sdk_lib.o(i.ble_device_disconnect) refers to juma_sdk_lib.o(.data) for .data
    juma_sdk_lib.o(i.ble_device_send) refers to juma_sdk_lib.o(.data) for .data
    juma_sdk_lib.o(i.serial_send) refers to juma_sdk_lib.o(.data) for .data
    juma_sdk_lib.o(i.serial_setup) refers to juma_sdk_lib.o(.data) for .data
    juma_sdk_lib.o(i.spi_setup) refers to juma_sdk_lib.o(.data) for .data
    juma_sdk_lib.o(i.spi_transmit_receive) refers to juma_sdk_lib.o(.data) for .data
    juma_sdk_lib.o(i.play_sound) refers to juma_sdk_lib.o(.data) for .data
    juma_sdk_lib.o(i.light_setup) refers to juma_sdk_lib.o(.data) for .data
    juma_sdk_lib.o(i.light_on) refers to juma_sdk_lib.o(.data) for .data
    juma_sdk_lib.o(i.light_off) refers to juma_sdk_lib.o(.data) for .data
    juma_sdk_lib.o(i.light_set_color) refers to juma_sdk_lib.o(.data) for .data
    juma_sdk_lib.o(i.data_storage_write) refers to juma_sdk_lib.o(.data) for .data
    juma_sdk_lib.o(i.data_storage_read) refers to juma_sdk_lib.o(.data) for .data
    juma_sdk_lib.o(i.ble_infrared_config) refers to juma_sdk_lib.o(.data) for .data
    juma_sdk_lib.o(i.ble_infrared_send) refers to juma_sdk_lib.o(.data) for .data
    juma_sdk_lib.o(i.ble_infrared_get_statue) refers to juma_sdk_lib.o(.data) for .data
    juma_sdk_lib.o(i.gfx_init_screen) refers to juma_sdk_lib.o(.data) for .data
    juma_sdk_lib.o(i.gfx_clear) refers to juma_sdk_lib.o(.data) for .data
    juma_sdk_lib.o(i.gfx_draw_pixel) refers to juma_sdk_lib.o(.data) for .data
    juma_sdk_lib.o(i.gfx_draw_line) refers to juma_sdk_lib.o(.data) for .data
    juma_sdk_lib.o(i.gfx_draw_rect) refers to juma_sdk_lib.o(.data) for .data
    juma_sdk_lib.o(i.gfx_fill_rect) refers to juma_sdk_lib.o(.data) for .data
    juma_sdk_lib.o(i.gfx_draw_circle) refers to juma_sdk_lib.o(.data) for .data
    juma_sdk_lib.o(i.gfx_fill_circle) refers to juma_sdk_lib.o(.data) for .data
    juma_sdk_lib.o(i.gfx_set_font) refers to juma_sdk_lib.o(.data) for .data
    juma_sdk_lib.o(i.gfx_draw_char) refers to juma_sdk_lib.o(.data) for .data
    juma_sdk_lib.o(i.gfx_draw_string) refers to juma_sdk_lib.o(.data) for .data
    juma_sdk_lib.o(i.gfx_draw_image) refers to juma_sdk_lib.o(.data) for .data
    juma_sdk_lib.o(i.watchDog_Config) refers to juma_sdk_lib.o(.data) for .data
    juma_sdk_lib.o(i.watchDog_Start) refers to juma_sdk_lib.o(.data) for .data
    juma_sdk_lib.o(i.watchDog_user_dog1_RR) refers to juma_sdk_lib.o(.data) for .data
    juma_sdk_lib.o(i.watchDog_user_dog2_RR) refers to juma_sdk_lib.o(.data) for .data
    juma_sdk_lib.o(i.watchDog_user_dog3_RR) refers to juma_sdk_lib.o(.data) for .data
    juma_sdk_lib.o(i.watchDog_user_dog4_RR) refers to juma_sdk_lib.o(.data) for .data


==============================================================================

Image Symbol Table

    Local Symbols

    Symbol Name                              Value     Ov Type        Size  Object(Section)

    ../clib/microlib/string/memcpy.c         0x00000000   Number         0  memcpyb.o ABSOLUTE
    ../clib/microlib/string/memcpy.c         0x00000000   Number         0  memcpya.o ABSOLUTE
    ..\LIS2DH12.c                            0x00000000   Number         0  lis2dh12.o ABSOLUTE
    ..\Source\juma_sdk_lib.c                 0x00000000   Number         0  juma_sdk_lib.o ABSOLUTE
    ..\\LIS2DH12.c                           0x00000000   Number         0  lis2dh12.o ABSOLUTE
    ..\\app.c                                0x00000000   Number         0  app.o ABSOLUTE
    ..\app.c                                 0x00000000   Number         0  app.o ABSOLUTE
    dc.s                                     0x00000000   Number         0  dc.o ABSOLUTE
    descriptor                               0x00020100   Section       40  juma_sdk_lib.o(descriptor)
    .rev16_text                              0x00020128   Section        4  app.o(.rev16_text)
    .rev16_text                              0x0002012c   Section        4  lis2dh12.o(.rev16_text)
    .revsh_text                              0x00020130   Section        4  app.o(.revsh_text)
    .revsh_text                              0x00020134   Section        4  lis2dh12.o(.revsh_text)
    .text                                    0x00020138   Section        0  app.o(.text)
    .text                                    0x000202c4   Section        0  lis2dh12.o(.text)
    spi_cs_enable                            0x000204bd   Thumb Code    14  lis2dh12.o(.text)
    spi_cs_disable                           0x000204cb   Thumb Code    14  lis2dh12.o(.text)
    LIS2DH12_Read                            0x000204d9   Thumb Code    20  lis2dh12.o(.text)
    LIS2DH12_RW                              0x000204ed   Thumb Code     6  lis2dh12.o(.text)
    .text                                    0x00020508   Section        0  juma_sdk_lib.o(.text)
    .text                                    0x00020524   Section        0  memcpya.o(.text)
    i.adc_measure                            0x00020548   Section        0  juma_sdk_lib.o(i.adc_measure)
    i.ble_device_disconnect                  0x00020554   Section        0  juma_sdk_lib.o(i.ble_device_disconnect)
    i.ble_device_get_id                      0x00020560   Section        0  juma_sdk_lib.o(i.ble_device_get_id)
    i.ble_device_is_connected                0x0002056c   Section        0  juma_sdk_lib.o(i.ble_device_is_connected)
    i.ble_device_select_address              0x00020578   Section        0  juma_sdk_lib.o(i.ble_device_select_address)
    i.ble_device_send                        0x00020584   Section        0  juma_sdk_lib.o(i.ble_device_send)
    i.ble_device_set_advertising_interval    0x00020590   Section        0  juma_sdk_lib.o(i.ble_device_set_advertising_interval)
    i.ble_device_set_name                    0x0002059c   Section        0  juma_sdk_lib.o(i.ble_device_set_name)
    i.ble_device_set_tx_power                0x000205a8   Section        0  juma_sdk_lib.o(i.ble_device_set_tx_power)
    i.ble_device_start_advertising           0x000205b4   Section        0  juma_sdk_lib.o(i.ble_device_start_advertising)
    i.ble_device_stop_advertising            0x000205c0   Section        0  juma_sdk_lib.o(i.ble_device_stop_advertising)
    i.ble_infrared_config                    0x000205cc   Section        0  juma_sdk_lib.o(i.ble_infrared_config)
    i.ble_infrared_get_statue                0x000205dc   Section        0  juma_sdk_lib.o(i.ble_infrared_get_statue)
    i.ble_infrared_send                      0x000205ec   Section        0  juma_sdk_lib.o(i.ble_infrared_send)
    i.current_time                           0x000205fc   Section        0  juma_sdk_lib.o(i.current_time)
    i.data_storage_read                      0x00020608   Section        0  juma_sdk_lib.o(i.data_storage_read)
    i.data_storage_write                     0x00020618   Section        0  juma_sdk_lib.o(i.data_storage_write)
    i.get_temperature                        0x00020628   Section        0  juma_sdk_lib.o(i.get_temperature)
    i.gfx_clear                              0x00020634   Section        0  juma_sdk_lib.o(i.gfx_clear)
    i.gfx_draw_char                          0x00020644   Section        0  juma_sdk_lib.o(i.gfx_draw_char)
    i.gfx_draw_circle                        0x00020658   Section        0  juma_sdk_lib.o(i.gfx_draw_circle)
    i.gfx_draw_image                         0x0002066c   Section        0  juma_sdk_lib.o(i.gfx_draw_image)
    i.gfx_draw_line                          0x00020688   Section        0  juma_sdk_lib.o(i.gfx_draw_line)
    i.gfx_draw_pixel                         0x000206a0   Section        0  juma_sdk_lib.o(i.gfx_draw_pixel)
    i.gfx_draw_rect                          0x000206b0   Section        0  juma_sdk_lib.o(i.gfx_draw_rect)
    i.gfx_draw_string                        0x000206c8   Section        0  juma_sdk_lib.o(i.gfx_draw_string)
    i.gfx_fill_circle                        0x000206dc   Section        0  juma_sdk_lib.o(i.gfx_fill_circle)
    i.gfx_fill_rect                          0x000206f0   Section        0  juma_sdk_lib.o(i.gfx_fill_rect)
    i.gfx_init_screen                        0x00020708   Section        0  juma_sdk_lib.o(i.gfx_init_screen)
    i.gfx_set_font                           0x0002071c   Section        0  juma_sdk_lib.o(i.gfx_set_font)
    i.gpio_read                              0x0002072c   Section        0  juma_sdk_lib.o(i.gpio_read)
    i.gpio_setup                             0x00020738   Section        0  juma_sdk_lib.o(i.gpio_setup)
    i.gpio_unwatch                           0x00020744   Section        0  juma_sdk_lib.o(i.gpio_unwatch)
    i.gpio_watch                             0x00020750   Section        0  juma_sdk_lib.o(i.gpio_watch)
    i.gpio_write                             0x0002075c   Section        0  juma_sdk_lib.o(i.gpio_write)
    i.light_off                              0x00020768   Section        0  juma_sdk_lib.o(i.light_off)
    i.light_on                               0x00020774   Section        0  juma_sdk_lib.o(i.light_on)
    i.light_set_color                        0x00020780   Section        0  juma_sdk_lib.o(i.light_set_color)
    i.light_setup                            0x00020790   Section        0  juma_sdk_lib.o(i.light_setup)
    i.play_sound                             0x0002079c   Section        0  juma_sdk_lib.o(i.play_sound)
    i.run_at_time                            0x000207a8   Section        0  juma_sdk_lib.o(i.run_at_time)
    i.run_when_idle                          0x000207b4   Section        0  juma_sdk_lib.o(i.run_when_idle)
    i.serial_send                            0x000207c0   Section        0  juma_sdk_lib.o(i.serial_send)
    i.serial_setup                           0x000207cc   Section        0  juma_sdk_lib.o(i.serial_setup)
    i.spi_setup                              0x000207d8   Section        0  juma_sdk_lib.o(i.spi_setup)
    i.spi_transmit_receive                   0x000207e4   Section        0  juma_sdk_lib.o(i.spi_transmit_receive)
    i.timer_init                             0x000207f0   Section        0  juma_sdk_lib.o(i.timer_init)
    i.timer_start                            0x000207fc   Section        0  juma_sdk_lib.o(i.timer_start)
    i.timer_stop                             0x00020808   Section        0  juma_sdk_lib.o(i.timer_stop)
    i.vcc_measure                            0x00020814   Section        0  juma_sdk_lib.o(i.vcc_measure)
    i.watchDog_Config                        0x00020820   Section        0  juma_sdk_lib.o(i.watchDog_Config)
    i.watchDog_Start                         0x00020830   Section        0  juma_sdk_lib.o(i.watchDog_Start)
    i.watchDog_user_dog1_RR                  0x00020840   Section        0  juma_sdk_lib.o(i.watchDog_user_dog1_RR)
    i.watchDog_user_dog2_RR                  0x00020850   Section        0  juma_sdk_lib.o(i.watchDog_user_dog2_RR)
    i.watchDog_user_dog3_RR                  0x00020860   Section        0  juma_sdk_lib.o(i.watchDog_user_dog3_RR)
    i.watchDog_user_dog4_RR                  0x00020870   Section        0  juma_sdk_lib.o(i.watchDog_user_dog4_RR)
    .constdata                               0x00020880   Section       28  app.o(.constdata)
    .data                                    0x20003000   Section        4  app.o(.data)
    state                                    0x20003000   Data           1  app.o(.data)
    .data                                    0x20003004   Section       28  lis2dh12.o(.data)
    LIS2DH12_Init_Struct                     0x20003004   Data          28  lis2dh12.o(.data)
    .data                                    0x20003020   Section        4  juma_sdk_lib.o(.data)

    Global Symbols

    Symbol Name                              Value     Ov Type        Size  Object(Section)

    BuildAttributes$$THM_ISAv3M$S$PE$A:L22$X:L11$S22$IEEE1$IW$USESV6$~STKCKD$USESV7$~SHL$OSPACE$EBA8$MICROLIB$REQ8$PRES8$EABIv2 0x00000000   Number         0  anon$$obj.o ABSOLUTE
    app_descriptor                           0x00020100   Data          40  juma_sdk_lib.o(descriptor)
    __asm___5_app_c_led_show____REV16        0x00020129   Thumb Code     4  app.o(.rev16_text)
    __asm___10_LIS2DH12_c_cb3245cc____REV16  0x0002012d   Thumb Code     4  lis2dh12.o(.rev16_text)
    __asm___5_app_c_led_show____REVSH        0x00020131   Thumb Code     4  app.o(.revsh_text)
    __asm___10_LIS2DH12_c_cb3245cc____REVSH  0x00020135   Thumb Code     4  lis2dh12.o(.revsh_text)
    led_show                                 0x00020139   Thumb Code    86  app.o(.text)
    light_blink                              0x0002018f   Thumb Code    62  app.o(.text)
    send_acc_data                            0x000201cd   Thumb Code    80  app.o(.text)
    on_ready                                 0x0002021d   Thumb Code    70  app.o(.text)
    ble_device_on_connect                    0x00020263   Thumb Code    28  app.o(.text)
    ble_device_on_disconnect                 0x0002027f   Thumb Code    16  app.o(.text)
    ble_device_on_message                    0x0002028f   Thumb Code    30  app.o(.text)
    LIS2DH12_Init                            0x000202c5   Thumb Code    54  lis2dh12.o(.text)
    LIS2DH12_Config                          0x000202fb   Thumb Code    20  lis2dh12.o(.text)
    LIS2DH12_Read_Data                       0x0002030f   Thumb Code    80  lis2dh12.o(.text)
    LIS2DH12_Read_Reg                        0x0002035f   Thumb Code    46  lis2dh12.o(.text)
    LIS2DH12_Write_Reg                       0x0002038d   Thumb Code    42  lis2dh12.o(.text)
    LIS2DH12_Module_Enable                   0x000203b7   Thumb Code     2  lis2dh12.o(.text)
    LIS2DH12_Get_Operat_Mode                 0x000203b9   Thumb Code    16  lis2dh12.o(.text)
    LIS2DH12_Set_Operat_Mode                 0x000203c9   Thumb Code     2  lis2dh12.o(.text)
    LIS2DH12_Get_Data_Rate                   0x000203cb   Thumb Code    12  lis2dh12.o(.text)
    LIS2DH12_Set_Data_Rate                   0x000203d7   Thumb Code    30  lis2dh12.o(.text)
    LIS2DH12_Work_Model                      0x000203f5   Thumb Code     2  lis2dh12.o(.text)
    LIS2DH12_Get_Chip_Id                     0x000203f7   Thumb Code     4  lis2dh12.o(.text)
    LIS2DH12_Chan_Enable                     0x000203fb   Thumb Code    48  lis2dh12.o(.text)
    LIS2DH12_Chan_Disable                    0x0002042b   Thumb Code    50  lis2dh12.o(.text)
    LIS2DH12_Get_Chan_Data                   0x0002045d   Thumb Code    50  lis2dh12.o(.text)
    LIS2DH12_SET_SELF_TEST_MODE              0x0002048f   Thumb Code    46  lis2dh12.o(.text)
    on_init                                  0x00020509   Thumb Code     6  juma_sdk_lib.o(.text)
    gpio_on_change                           0x00020511   Thumb Code     2  juma_sdk_lib.o(.text)
    timer_on_fired                           0x00020513   Thumb Code     2  juma_sdk_lib.o(.text)
    serial_on_data                           0x0002051b   Thumb Code     2  juma_sdk_lib.o(.text)
    data_storage_on_finish                   0x0002051d   Thumb Code     2  juma_sdk_lib.o(.text)
    watchDog_on_timerout                     0x0002051f   Thumb Code     2  juma_sdk_lib.o(.text)
    __aeabi_memcpy                           0x00020525   Thumb Code    36  memcpya.o(.text)
    __aeabi_memcpy4                          0x00020525   Thumb Code     0  memcpya.o(.text)
    __aeabi_memcpy8                          0x00020525   Thumb Code     0  memcpya.o(.text)
    adc_measure                              0x00020549   Thumb Code     8  juma_sdk_lib.o(i.adc_measure)
    ble_device_disconnect                    0x00020555   Thumb Code     8  juma_sdk_lib.o(i.ble_device_disconnect)
    ble_device_get_id                        0x00020561   Thumb Code     8  juma_sdk_lib.o(i.ble_device_get_id)
    ble_device_is_connected                  0x0002056d   Thumb Code     8  juma_sdk_lib.o(i.ble_device_is_connected)
    ble_device_select_address                0x00020579   Thumb Code     8  juma_sdk_lib.o(i.ble_device_select_address)
    ble_device_send                          0x00020585   Thumb Code     8  juma_sdk_lib.o(i.ble_device_send)
    ble_device_set_advertising_interval      0x00020591   Thumb Code     8  juma_sdk_lib.o(i.ble_device_set_advertising_interval)
    ble_device_set_name                      0x0002059d   Thumb Code     8  juma_sdk_lib.o(i.ble_device_set_name)
    ble_device_set_tx_power                  0x000205a9   Thumb Code     8  juma_sdk_lib.o(i.ble_device_set_tx_power)
    ble_device_start_advertising             0x000205b5   Thumb Code     8  juma_sdk_lib.o(i.ble_device_start_advertising)
    ble_device_stop_advertising              0x000205c1   Thumb Code     8  juma_sdk_lib.o(i.ble_device_stop_advertising)
    ble_infrared_config                      0x000205cd   Thumb Code    10  juma_sdk_lib.o(i.ble_infrared_config)
    ble_infrared_get_statue                  0x000205dd   Thumb Code    10  juma_sdk_lib.o(i.ble_infrared_get_statue)
    ble_infrared_send                        0x000205ed   Thumb Code    10  juma_sdk_lib.o(i.ble_infrared_send)
    current_time                             0x000205fd   Thumb Code     8  juma_sdk_lib.o(i.current_time)
    data_storage_read                        0x00020609   Thumb Code    10  juma_sdk_lib.o(i.data_storage_read)
    data_storage_write                       0x00020619   Thumb Code    10  juma_sdk_lib.o(i.data_storage_write)
    get_temperature                          0x00020629   Thumb Code     8  juma_sdk_lib.o(i.get_temperature)
    gfx_clear                                0x00020635   Thumb Code    10  juma_sdk_lib.o(i.gfx_clear)
    gfx_draw_char                            0x00020645   Thumb Code    16  juma_sdk_lib.o(i.gfx_draw_char)
    gfx_draw_circle                          0x00020659   Thumb Code    16  juma_sdk_lib.o(i.gfx_draw_circle)
    gfx_draw_image                           0x0002066d   Thumb Code    22  juma_sdk_lib.o(i.gfx_draw_image)
    gfx_draw_line                            0x00020689   Thumb Code    18  juma_sdk_lib.o(i.gfx_draw_line)
    gfx_draw_pixel                           0x000206a1   Thumb Code    10  juma_sdk_lib.o(i.gfx_draw_pixel)
    gfx_draw_rect                            0x000206b1   Thumb Code    18  juma_sdk_lib.o(i.gfx_draw_rect)
    gfx_draw_string                          0x000206c9   Thumb Code    16  juma_sdk_lib.o(i.gfx_draw_string)
    gfx_fill_circle                          0x000206dd   Thumb Code    16  juma_sdk_lib.o(i.gfx_fill_circle)
    gfx_fill_rect                            0x000206f1   Thumb Code    18  juma_sdk_lib.o(i.gfx_fill_rect)
    gfx_init_screen                          0x00020709   Thumb Code    16  juma_sdk_lib.o(i.gfx_init_screen)
    gfx_set_font                             0x0002071d   Thumb Code    10  juma_sdk_lib.o(i.gfx_set_font)
    gpio_read                                0x0002072d   Thumb Code     8  juma_sdk_lib.o(i.gpio_read)
    gpio_setup                               0x00020739   Thumb Code     8  juma_sdk_lib.o(i.gpio_setup)
    gpio_unwatch                             0x00020745   Thumb Code     8  juma_sdk_lib.o(i.gpio_unwatch)
    gpio_watch                               0x00020751   Thumb Code     8  juma_sdk_lib.o(i.gpio_watch)
    gpio_write                               0x0002075d   Thumb Code     8  juma_sdk_lib.o(i.gpio_write)
    light_off                                0x00020769   Thumb Code     8  juma_sdk_lib.o(i.light_off)
    light_on                                 0x00020775   Thumb Code     8  juma_sdk_lib.o(i.light_on)
    light_set_color                          0x00020781   Thumb Code    10  juma_sdk_lib.o(i.light_set_color)
    light_setup                              0x00020791   Thumb Code     8  juma_sdk_lib.o(i.light_setup)
    play_sound                               0x0002079d   Thumb Code     8  juma_sdk_lib.o(i.play_sound)
    run_at_time                              0x000207a9   Thumb Code     8  juma_sdk_lib.o(i.run_at_time)
    run_when_idle                            0x000207b5   Thumb Code     8  juma_sdk_lib.o(i.run_when_idle)
    serial_send                              0x000207c1   Thumb Code     8  juma_sdk_lib.o(i.serial_send)
    serial_setup                             0x000207cd   Thumb Code     8  juma_sdk_lib.o(i.serial_setup)
    spi_setup                                0x000207d9   Thumb Code     8  juma_sdk_lib.o(i.spi_setup)
    spi_transmit_receive                     0x000207e5   Thumb Code     8  juma_sdk_lib.o(i.spi_transmit_receive)
    timer_init                               0x000207f1   Thumb Code     8  juma_sdk_lib.o(i.timer_init)
    timer_start                              0x000207fd   Thumb Code     8  juma_sdk_lib.o(i.timer_start)
    timer_stop                               0x00020809   Thumb Code     8  juma_sdk_lib.o(i.timer_stop)
    vcc_measure                              0x00020815   Thumb Code     8  juma_sdk_lib.o(i.vcc_measure)
    watchDog_Config                          0x00020821   Thumb Code    10  juma_sdk_lib.o(i.watchDog_Config)
    watchDog_Start                           0x00020831   Thumb Code    10  juma_sdk_lib.o(i.watchDog_Start)
    watchDog_user_dog1_RR                    0x00020841   Thumb Code    10  juma_sdk_lib.o(i.watchDog_user_dog1_RR)
    watchDog_user_dog2_RR                    0x00020851   Thumb Code    10  juma_sdk_lib.o(i.watchDog_user_dog2_RR)
    watchDog_user_dog3_RR                    0x00020861   Thumb Code    10  juma_sdk_lib.o(i.watchDog_user_dog3_RR)
    watchDog_user_dog4_RR                    0x00020871   Thumb Code    10  juma_sdk_lib.o(i.watchDog_user_dog4_RR)
    mode                                     0x20003001   Data           1  app.o(.data)
    light_en                                 0x20003002   Data           1  app.o(.data)
    acc_en                                   0x20003003   Data           1  app.o(.data)
    sys                                      0x20003020   Data           4  juma_sdk_lib.o(.data)



==============================================================================

Memory Map of the image

  Image entry point : Not specified.

  Load Region LR_IROM1 (Base: 0x00020100, Size: 0x000007c0, Max: 0x00008000, ABSOLUTE)

    Execution Region ER_IROM1 (Base: 0x00020100, Size: 0x0000079c, Max: 0x00008000, ABSOLUTE)

    Base Addr    Size         Type   Attr      Idx    E Section Name        Object

    0x00020100   0x00000028   Data   RO          103    descriptor          juma_sdk.lib(juma_sdk_lib.o)
    0x00020128   0x00000004   Code   RO            1    .rev16_text         app.o
    0x0002012c   0x00000004   Code   RO           69    .rev16_text         lis2dh12.o
    0x00020130   0x00000004   Code   RO            2    .revsh_text         app.o
    0x00020134   0x00000004   Code   RO           70    .revsh_text         lis2dh12.o
    0x00020138   0x0000018c   Code   RO            3    .text               app.o
    0x000202c4   0x00000244   Code   RO           71    .text               lis2dh12.o
    0x00020508   0x0000001c   Code   RO          101    .text               juma_sdk.lib(juma_sdk_lib.o)
    0x00020524   0x00000024   Code   RO          480    .text               mc_p.l(memcpya.o)
    0x00020548   0x0000000c   Code   RO          180    i.adc_measure       juma_sdk.lib(juma_sdk_lib.o)
    0x00020554   0x0000000c   Code   RO          246    i.ble_device_disconnect  juma_sdk.lib(juma_sdk_lib.o)
    0x00020560   0x0000000c   Code   RO          204    i.ble_device_get_id  juma_sdk.lib(juma_sdk_lib.o)
    0x0002056c   0x0000000c   Code   RO          198    i.ble_device_is_connected  juma_sdk.lib(juma_sdk_lib.o)
    0x00020578   0x0000000c   Code   RO          210    i.ble_device_select_address  juma_sdk.lib(juma_sdk_lib.o)
    0x00020584   0x0000000c   Code   RO          252    i.ble_device_send   juma_sdk.lib(juma_sdk_lib.o)
    0x00020590   0x0000000c   Code   RO          222    i.ble_device_set_advertising_interval  juma_sdk.lib(juma_sdk_lib.o)
    0x0002059c   0x0000000c   Code   RO          216    i.ble_device_set_name  juma_sdk.lib(juma_sdk_lib.o)
    0x000205a8   0x0000000c   Code   RO          228    i.ble_device_set_tx_power  juma_sdk.lib(juma_sdk_lib.o)
    0x000205b4   0x0000000c   Code   RO          234    i.ble_device_start_advertising  juma_sdk.lib(juma_sdk_lib.o)
    0x000205c0   0x0000000c   Code   RO          240    i.ble_device_stop_advertising  juma_sdk.lib(juma_sdk_lib.o)
    0x000205cc   0x00000010   Code   RO          324    i.ble_infrared_config  juma_sdk.lib(juma_sdk_lib.o)
    0x000205dc   0x00000010   Code   RO          336    i.ble_infrared_get_statue  juma_sdk.lib(juma_sdk_lib.o)
    0x000205ec   0x00000010   Code   RO          330    i.ble_infrared_send  juma_sdk.lib(juma_sdk_lib.o)
    0x000205fc   0x0000000c   Code   RO          126    i.current_time      juma_sdk.lib(juma_sdk_lib.o)
    0x00020608   0x00000010   Code   RO          318    i.data_storage_read  juma_sdk.lib(juma_sdk_lib.o)
    0x00020618   0x00000010   Code   RO          312    i.data_storage_write  juma_sdk.lib(juma_sdk_lib.o)
    0x00020628   0x0000000c   Code   RO          192    i.get_temperature   juma_sdk.lib(juma_sdk_lib.o)
    0x00020634   0x00000010   Code   RO          348    i.gfx_clear         juma_sdk.lib(juma_sdk_lib.o)
    0x00020644   0x00000014   Code   RO          396    i.gfx_draw_char     juma_sdk.lib(juma_sdk_lib.o)
    0x00020658   0x00000014   Code   RO          378    i.gfx_draw_circle   juma_sdk.lib(juma_sdk_lib.o)
    0x0002066c   0x0000001c   Code   RO          408    i.gfx_draw_image    juma_sdk.lib(juma_sdk_lib.o)
    0x00020688   0x00000018   Code   RO          360    i.gfx_draw_line     juma_sdk.lib(juma_sdk_lib.o)
    0x000206a0   0x00000010   Code   RO          354    i.gfx_draw_pixel    juma_sdk.lib(juma_sdk_lib.o)
    0x000206b0   0x00000018   Code   RO          366    i.gfx_draw_rect     juma_sdk.lib(juma_sdk_lib.o)
    0x000206c8   0x00000014   Code   RO          402    i.gfx_draw_string   juma_sdk.lib(juma_sdk_lib.o)
    0x000206dc   0x00000014   Code   RO          384    i.gfx_fill_circle   juma_sdk.lib(juma_sdk_lib.o)
    0x000206f0   0x00000018   Code   RO          372    i.gfx_fill_rect     juma_sdk.lib(juma_sdk_lib.o)
    0x00020708   0x00000014   Code   RO          342    i.gfx_init_screen   juma_sdk.lib(juma_sdk_lib.o)
    0x0002071c   0x00000010   Code   RO          390    i.gfx_set_font      juma_sdk.lib(juma_sdk_lib.o)
    0x0002072c   0x0000000c   Code   RO          162    i.gpio_read         juma_sdk.lib(juma_sdk_lib.o)
    0x00020738   0x0000000c   Code   RO          150    i.gpio_setup        juma_sdk.lib(juma_sdk_lib.o)
    0x00020744   0x0000000c   Code   RO          174    i.gpio_unwatch      juma_sdk.lib(juma_sdk_lib.o)
    0x00020750   0x0000000c   Code   RO          168    i.gpio_watch        juma_sdk.lib(juma_sdk_lib.o)
    0x0002075c   0x0000000c   Code   RO          156    i.gpio_write        juma_sdk.lib(juma_sdk_lib.o)
    0x00020768   0x0000000c   Code   RO          300    i.light_off         juma_sdk.lib(juma_sdk_lib.o)
    0x00020774   0x0000000c   Code   RO          294    i.light_on          juma_sdk.lib(juma_sdk_lib.o)
    0x00020780   0x00000010   Code   RO          306    i.light_set_color   juma_sdk.lib(juma_sdk_lib.o)
    0x00020790   0x0000000c   Code   RO          288    i.light_setup       juma_sdk.lib(juma_sdk_lib.o)
    0x0002079c   0x0000000c   Code   RO          282    i.play_sound        juma_sdk.lib(juma_sdk_lib.o)
    0x000207a8   0x0000000c   Code   RO          120    i.run_at_time       juma_sdk.lib(juma_sdk_lib.o)
    0x000207b4   0x0000000c   Code   RO          114    i.run_when_idle     juma_sdk.lib(juma_sdk_lib.o)
    0x000207c0   0x0000000c   Code   RO          258    i.serial_send       juma_sdk.lib(juma_sdk_lib.o)
    0x000207cc   0x0000000c   Code   RO          264    i.serial_setup      juma_sdk.lib(juma_sdk_lib.o)
    0x000207d8   0x0000000c   Code   RO          270    i.spi_setup         juma_sdk.lib(juma_sdk_lib.o)
    0x000207e4   0x0000000c   Code   RO          276    i.spi_transmit_receive  juma_sdk.lib(juma_sdk_lib.o)
    0x000207f0   0x0000000c   Code   RO          132    i.timer_init        juma_sdk.lib(juma_sdk_lib.o)
    0x000207fc   0x0000000c   Code   RO          138    i.timer_start       juma_sdk.lib(juma_sdk_lib.o)
    0x00020808   0x0000000c   Code   RO          144    i.timer_stop        juma_sdk.lib(juma_sdk_lib.o)
    0x00020814   0x0000000c   Code   RO          186    i.vcc_measure       juma_sdk.lib(juma_sdk_lib.o)
    0x00020820   0x00000010   Code   RO          414    i.watchDog_Config   juma_sdk.lib(juma_sdk_lib.o)
    0x00020830   0x00000010   Code   RO          420    i.watchDog_Start    juma_sdk.lib(juma_sdk_lib.o)
    0x00020840   0x00000010   Code   RO          426    i.watchDog_user_dog1_RR  juma_sdk.lib(juma_sdk_lib.o)
    0x00020850   0x00000010   Code   RO          432    i.watchDog_user_dog2_RR  juma_sdk.lib(juma_sdk_lib.o)
    0x00020860   0x00000010   Code   RO          438    i.watchDog_user_dog3_RR  juma_sdk.lib(juma_sdk_lib.o)
    0x00020870   0x00000010   Code   RO          444    i.watchDog_user_dog4_RR  juma_sdk.lib(juma_sdk_lib.o)
    0x00020880   0x0000001c   Data   RO            4    .constdata          app.o


    Execution Region RW_IRAM1 (Base: 0x20003000, Size: 0x00000024, Max: 0x00001000, ABSOLUTE)

    Base Addr    Size         Type   Attr      Idx    E Section Name        Object

    0x20003000   0x00000004   Data   RW            5    .data               app.o
    0x20003004   0x0000001c   Data   RW           72    .data               lis2dh12.o
    0x20003020   0x00000004   Data   RW          102    .data               juma_sdk.lib(juma_sdk_lib.o)


==============================================================================

Image component sizes


      Code (inc. data)   RO Data    RW Data    ZI Data      Debug   Object Name

       404         24         28          4          0       9546   app.o
       588         22          0         28          0       8920   lis2dh12.o

    ----------------------------------------------------------------------
       992         46         28         32          0      18466   Object Totals
         0          0          0          0          0          0   (incl. Generated)
         0          0          0          0          0          0   (incl. Padding)

    ----------------------------------------------------------------------

      Code (inc. data)   RO Data    RW Data    ZI Data      Debug   Library Member Name

       852        266         40          4          0      42695   juma_sdk_lib.o
        36          0          0          0          0         60   memcpya.o

    ----------------------------------------------------------------------
       888        266         40          4          0      42755   Library Totals
         0          0          0          0          0          0   (incl. Padding)

    ----------------------------------------------------------------------

      Code (inc. data)   RO Data    RW Data    ZI Data      Debug   Library Name

       852        266         40          4          0      42695   juma_sdk.lib
        36          0          0          0          0         60   mc_p.l

    ----------------------------------------------------------------------
       888        266         40          4          0      42755   Library Totals

    ----------------------------------------------------------------------

==============================================================================


      Code (inc. data)   RO Data    RW Data    ZI Data      Debug   

      1880        312         68         36          0      58513   Grand Totals
      1880        312         68         36          0      58513   ELF Image Totals
      1880        312         68         36          0          0   ROM Totals

==============================================================================

    Total RO  Size (Code + RO Data)                 1948 (   1.90kB)
    Total RW  Size (RW Data + ZI Data)                36 (   0.04kB)
    Total ROM Size (Code + RO Data + RW Data)       1984 (   1.94kB)

==============================================================================

